ASxxxx Linker V02.00 + NoICE + sdld,  page 1.
Hexadecimal  [32-Bits]

Area                                    Addr        Size        Decimal Bytes (Attributes)
--------------------------------        ----        ----        ------- ----- ------------
CABS                                00000000    00000000 =           0. bytes (ABS,CON,CODE)

      Value  Global                              Global Defined In Module
      -----  --------------------------------   ------------------------
     0C:   00000000  l_CABS                          
     0C:   00000000  l_GSINIT1                       
     0C:   00000000  l_GSINIT5                       
     0C:   00000000  l_IABS                          
     0C:   00000000  l_ISEG                          
     0C:   00000000  l_REG_BANK_1                    
     0C:   00000000  l_REG_BANK_2                    
     0C:   00000000  l_REG_BANK_3                    
     0C:   00000000  l_RSEG                          
     0C:   00000000  l_RSEG0                         
     0C:   00000000  l_RSEG1                         
     0C:   00000000  l_XABS                          
     0C:   00000000  l__CODE                         
     0C:   00000000  s_BSEG                          
     0C:   00000000  s_CABS                          
     0C:   00000000  s_DSEG                          
     0C:   00000000  s_IABS                          
     0C:   00000000  s_ISEG                          
     0C:   00000000  s_REG_BANK_0                    
     0C:   00000000  s_RSEG                          
     0C:   00000000  s_RSEG0                         
     0C:   00000000  s_RSEG1                         
     0C:   00000000  s_XABS                          
     0C:   00000001  l_BIT_BANK                      
     0C:   00000003  l_GSFINAL                       
     0C:   00000003  l_GSINIT0                       
     0C:   00000004  l_BSEG_BYTES                    
     0C:   00000004  l_OSEG                          
     0C:   00000008  l_REG_BANK_0                    
     0C:   00000008  s_REG_BANK_1                    
     0C:   00000009  l_XINIT                         
     0C:   00000009  l_XISEG                         
     0C:   0000000A  l_GSINIT2                       
     0C:   00000010  s_REG_BANK_2                    
     0C:   00000018  s_REG_BANK_3                    
     0C:   0000001A  l_BSEG                          
     0C:   00000020  s_BSEG_BYTES                    
     0C:   00000020  s__CODE                         
     0C:   00000022  l_GSINIT3                       
     0C:   00000024  s_BIT_BANK                      
     0C:   0000002A  l_GSINIT4                       
     0C:   00000030  s_OSEG                          
     0C:   00000034  s_SSEG                          
     0C:   0000003F  l_GSINIT                        
     0C:   00000050  l_PSEG                          
     0C:   00000080  l_DSEG                          
     0C:   0000008D  l_HOME                          
     0C:   000000CC  l_SSEG                          
     0C:   000000D0  l_CONST                         
     0C:   00000100  l_IRAM                          
ASxxxx Linker V02.00 + NoICE + sdld,  page 2.
Hexadecimal  [32-Bits]

Area                                    Addr        Size        Decimal Bytes (Attributes)
--------------------------------        ----        ----        ------- ----- ------------
CABS                                00000000    00000000 =           0. bytes (ABS,CON,CODE)

      Value  Global                              Global Defined In Module
      -----  --------------------------------   ------------------------
     0C:   000003AF  l_XSEG                          
     0C:   00000400  s_HOME                          
     0C:   0000048D  s_GSINIT0                       
     0C:   00000490  s_GSINIT1                       
     0C:   00000490  s_GSINIT2                       
     0C:   0000049A  s_GSINIT3                       
     0C:   000004BC  s_GSINIT4                       
     0C:   000004E6  s_GSINIT                        
     0C:   000004E6  s_GSINIT5                       
     0C:   00000525  s_GSFINAL                       
     0C:   00000528  s_CSEG                          
     0C:   00001D39  l_CSEG                          
     0C:   00002261  s_CONST                         
     0C:   00002331  s_XINIT                         
     0C:   0000F000  s_PSEG                          
     0C:   0000F000  s_XSEG                          
     0C:   0000F3FF  s_XISEG                         

ASxxxx Linker V02.00 + NoICE + sdld,  page 3.
Hexadecimal  [32-Bits]

Area                                    Addr        Size        Decimal Bytes (Attributes)
--------------------------------        ----        ----        ------- ----- ------------
.	.ABS.                             00000000    00000000 =           0. bytes (ABS,CON)

      Value  Global                              Global Defined In Module
      -----  --------------------------------   ------------------------
           00000000  .__.ABS.                           _bp
           00000080  Fbarney_rx$P0$0$0                  barney_rx
           00000080  Fbarney_rx$P0_0$0$0                barney_rx
           00000080  Fboard$P0$0$0                      board
           00000080  Fboard$P0_0$0$0                    board
           00000080  Fdma$P0$0$0                        dma
           00000080  Fdma$P0_0$0$0                      dma
           00000080  Fradio_mac$P0$0$0                  radio_mac
           00000080  Fradio_mac$P0_0$0$0                radio_mac
           00000080  Fradio_queue$P0$0$0                radio_queue
           00000080  Fradio_queue$P0_0$0$0              radio_queue
           00000080  Fradio_registers$P0$0$0            radio_registers
           00000080  Fradio_registers$P0_0$0$0          radio_registers
           00000080  Frandom$P0$0$0                     random
           00000080  Frandom$P0_0$0$0                   random
           00000080  Frandom_from_sernum$P0$0$0         random_from_sernum
           00000080  Frandom_from_sernum$P0_0$0$0       random_from_sernum
           00000080  Ftime$P0$0$0                       time
           00000080  Ftime$P0_0$0$0                     time
           00000080  Fuart1$P0$0$0                      uart1
           00000080  Fuart1$P0_0$0$0                    uart1
           00000080  Fusb$P0$0$0                        usb
           00000080  Fusb$P0_0$0$0                      usb
           00000080  Fusb_cdc_acm$P0$0$0                usb_cdc_acm
           00000080  Fusb_cdc_acm$P0_0$0$0              usb_cdc_acm
           00000081  Fbarney_rx$P0_1$0$0                barney_rx
           00000081  Fbarney_rx$SP$0$0                  barney_rx
           00000081  Fboard$P0_1$0$0                    board
           00000081  Fboard$SP$0$0                      board
           00000081  Fdma$P0_1$0$0                      dma
           00000081  Fdma$SP$0$0                        dma
           00000081  Fradio_mac$P0_1$0$0                radio_mac
           00000081  Fradio_mac$SP$0$0                  radio_mac
           00000081  Fradio_queue$P0_1$0$0              radio_queue
           00000081  Fradio_queue$SP$0$0                radio_queue
           00000081  Fradio_registers$P0_1$0$0          radio_registers
           00000081  Fradio_registers$SP$0$0            radio_registers
           00000081  Frandom$P0_1$0$0                   random
           00000081  Frandom$SP$0$0                     random
           00000081  Frandom_from_sernum$P0_1$0$0       random_from_sernum
           00000081  Frandom_from_sernum$SP$0$0         random_from_sernum
           00000081  Ftime$P0_1$0$0                     time
           00000081  Ftime$SP$0$0                       time
           00000081  Fuart1$P0_1$0$0                    uart1
           00000081  Fuart1$SP$0$0                      uart1
           00000081  Fusb$P0_1$0$0                      usb
           00000081  Fusb$SP$0$0                        usb
           00000081  Fusb_cdc_acm$P0_1$0$0              usb_cdc_acm
           00000081  Fusb_cdc_acm$SP$0$0                usb_cdc_acm
           00000082  Fbarney_rx$DPL0$0$0                barney_rx
ASxxxx Linker V02.00 + NoICE + sdld,  page 4.
Hexadecimal  [32-Bits]

Area                                    Addr        Size        Decimal Bytes (Attributes)
--------------------------------        ----        ----        ------- ----- ------------
.	.ABS.                             00000000    00000000 =           0. bytes (ABS,CON)

      Value  Global                              Global Defined In Module
      -----  --------------------------------   ------------------------
           00000082  Fbarney_rx$P0_2$0$0                barney_rx
           00000082  Fboard$DPL0$0$0                    board
           00000082  Fboard$P0_2$0$0                    board
           00000082  Fdma$DPL0$0$0                      dma
           00000082  Fdma$P0_2$0$0                      dma
           00000082  Fradio_mac$DPL0$0$0                radio_mac
           00000082  Fradio_mac$P0_2$0$0                radio_mac
           00000082  Fradio_queue$DPL0$0$0              radio_queue
           00000082  Fradio_queue$P0_2$0$0              radio_queue
           00000082  Fradio_registers$DPL0$0$0          radio_registers
           00000082  Fradio_registers$P0_2$0$0          radio_registers
           00000082  Frandom$DPL0$0$0                   random
           00000082  Frandom$P0_2$0$0                   random
           00000082  Frandom_from_sernum$DPL0$0$0       random_from_sernum
           00000082  Frandom_from_sernum$P0_2$0$0       random_from_sernum
           00000082  Ftime$DPL0$0$0                     time
           00000082  Ftime$P0_2$0$0                     time
           00000082  Fuart1$DPL0$0$0                    uart1
           00000082  Fuart1$P0_2$0$0                    uart1
           00000082  Fusb$DPL0$0$0                      usb
           00000082  Fusb$P0_2$0$0                      usb
           00000082  Fusb_cdc_acm$DPL0$0$0              usb_cdc_acm
           00000082  Fusb_cdc_acm$P0_2$0$0              usb_cdc_acm
           00000083  Fbarney_rx$DPH0$0$0                barney_rx
           00000083  Fbarney_rx$P0_3$0$0                barney_rx
           00000083  Fboard$DPH0$0$0                    board
           00000083  Fboard$P0_3$0$0                    board
           00000083  Fdma$DPH0$0$0                      dma
           00000083  Fdma$P0_3$0$0                      dma
           00000083  Fradio_mac$DPH0$0$0                radio_mac
           00000083  Fradio_mac$P0_3$0$0                radio_mac
           00000083  Fradio_queue$DPH0$0$0              radio_queue
           00000083  Fradio_queue$P0_3$0$0              radio_queue
           00000083  Fradio_registers$DPH0$0$0          radio_registers
           00000083  Fradio_registers$P0_3$0$0          radio_registers
           00000083  Frandom$DPH0$0$0                   random
           00000083  Frandom$P0_3$0$0                   random
           00000083  Frandom_from_sernum$DPH0$0$0       random_from_sernum
           00000083  Frandom_from_sernum$P0_3$0$0       random_from_sernum
           00000083  Ftime$DPH0$0$0                     time
           00000083  Ftime$P0_3$0$0                     time
           00000083  Fuart1$DPH0$0$0                    uart1
           00000083  Fuart1$P0_3$0$0                    uart1
           00000083  Fusb$DPH0$0$0                      usb
           00000083  Fusb$P0_3$0$0                      usb
           00000083  Fusb_cdc_acm$DPH0$0$0              usb_cdc_acm
           00000083  Fusb_cdc_acm$P0_3$0$0              usb_cdc_acm
           00000084  Fbarney_rx$DPL1$0$0                barney_rx
           00000084  Fbarney_rx$P0_4$0$0                barney_rx
           00000084  Fboard$DPL1$0$0                    board
           00000084  Fboard$P0_4$0$0                    board
ASxxxx Linker V02.00 + NoICE + sdld,  page 5.
Hexadecimal  [32-Bits]

Area                                    Addr        Size        Decimal Bytes (Attributes)
--------------------------------        ----        ----        ------- ----- ------------
.	.ABS.                             00000000    00000000 =           0. bytes (ABS,CON)

      Value  Global                              Global Defined In Module
      -----  --------------------------------   ------------------------
           00000084  Fdma$DPL1$0$0                      dma
           00000084  Fdma$P0_4$0$0                      dma
           00000084  Fradio_mac$DPL1$0$0                radio_mac
           00000084  Fradio_mac$P0_4$0$0                radio_mac
           00000084  Fradio_queue$DPL1$0$0              radio_queue
           00000084  Fradio_queue$P0_4$0$0              radio_queue
           00000084  Fradio_registers$DPL1$0$0          radio_registers
           00000084  Fradio_registers$P0_4$0$0          radio_registers
           00000084  Frandom$DPL1$0$0                   random
           00000084  Frandom$P0_4$0$0                   random
           00000084  Frandom_from_sernum$DPL1$0$0       random_from_sernum
           00000084  Frandom_from_sernum$P0_4$0$0       random_from_sernum
           00000084  Ftime$DPL1$0$0                     time
           00000084  Ftime$P0_4$0$0                     time
           00000084  Fuart1$DPL1$0$0                    uart1
           00000084  Fuart1$P0_4$0$0                    uart1
           00000084  Fusb$DPL1$0$0                      usb
           00000084  Fusb$P0_4$0$0                      usb
           00000084  Fusb_cdc_acm$DPL1$0$0              usb_cdc_acm
           00000084  Fusb_cdc_acm$P0_4$0$0              usb_cdc_acm
           00000085  Fbarney_rx$DPH1$0$0                barney_rx
           00000085  Fbarney_rx$P0_5$0$0                barney_rx
           00000085  Fboard$DPH1$0$0                    board
           00000085  Fboard$P0_5$0$0                    board
           00000085  Fdma$DPH1$0$0                      dma
           00000085  Fdma$P0_5$0$0                      dma
           00000085  Fradio_mac$DPH1$0$0                radio_mac
           00000085  Fradio_mac$P0_5$0$0                radio_mac
           00000085  Fradio_queue$DPH1$0$0              radio_queue
           00000085  Fradio_queue$P0_5$0$0              radio_queue
           00000085  Fradio_registers$DPH1$0$0          radio_registers
           00000085  Fradio_registers$P0_5$0$0          radio_registers
           00000085  Frandom$DPH1$0$0                   random
           00000085  Frandom$P0_5$0$0                   random
           00000085  Frandom_from_sernum$DPH1$0$0       random_from_sernum
           00000085  Frandom_from_sernum$P0_5$0$0       random_from_sernum
           00000085  Ftime$DPH1$0$0                     time
           00000085  Ftime$P0_5$0$0                     time
           00000085  Fuart1$DPH1$0$0                    uart1
           00000085  Fuart1$P0_5$0$0                    uart1
           00000085  Fusb$DPH1$0$0                      usb
           00000085  Fusb$P0_5$0$0                      usb
           00000085  Fusb_cdc_acm$DPH1$0$0              usb_cdc_acm
           00000085  Fusb_cdc_acm$P0_5$0$0              usb_cdc_acm
           00000086  Fbarney_rx$P0_6$0$0                barney_rx
           00000086  Fbarney_rx$U0CSR$0$0               barney_rx
           00000086  Fboard$P0_6$0$0                    board
           00000086  Fboard$U0CSR$0$0                   board
           00000086  Fdma$P0_6$0$0                      dma
           00000086  Fdma$U0CSR$0$0                     dma
           00000086  Fradio_mac$P0_6$0$0                radio_mac
ASxxxx Linker V02.00 + NoICE + sdld,  page 6.
Hexadecimal  [32-Bits]

Area                                    Addr        Size        Decimal Bytes (Attributes)
--------------------------------        ----        ----        ------- ----- ------------
.	.ABS.                             00000000    00000000 =           0. bytes (ABS,CON)

      Value  Global                              Global Defined In Module
      -----  --------------------------------   ------------------------
           00000086  Fradio_mac$U0CSR$0$0               radio_mac
           00000086  Fradio_queue$P0_6$0$0              radio_queue
           00000086  Fradio_queue$U0CSR$0$0             radio_queue
           00000086  Fradio_registers$P0_6$0$0          radio_registers
           00000086  Fradio_registers$U0CSR$0$0         radio_registers
           00000086  Frandom$P0_6$0$0                   random
           00000086  Frandom$U0CSR$0$0                  random
           00000086  Frandom_from_sernum$P0_6$0$0       random_from_sernum
           00000086  Frandom_from_sernum$U0CSR$0$0      random_from_sernum
           00000086  Ftime$P0_6$0$0                     time
           00000086  Ftime$U0CSR$0$0                    time
           00000086  Fuart1$P0_6$0$0                    uart1
           00000086  Fuart1$U0CSR$0$0                   uart1
           00000086  Fusb$P0_6$0$0                      usb
           00000086  Fusb$U0CSR$0$0                     usb
           00000086  Fusb_cdc_acm$P0_6$0$0              usb_cdc_acm
           00000086  Fusb_cdc_acm$U0CSR$0$0             usb_cdc_acm
           00000087  Fbarney_rx$P0_7$0$0                barney_rx
           00000087  Fbarney_rx$PCON$0$0                barney_rx
           00000087  Fboard$P0_7$0$0                    board
           00000087  Fboard$PCON$0$0                    board
           00000087  Fdma$P0_7$0$0                      dma
           00000087  Fdma$PCON$0$0                      dma
           00000087  Fradio_mac$P0_7$0$0                radio_mac
           00000087  Fradio_mac$PCON$0$0                radio_mac
           00000087  Fradio_queue$P0_7$0$0              radio_queue
           00000087  Fradio_queue$PCON$0$0              radio_queue
           00000087  Fradio_registers$P0_7$0$0          radio_registers
           00000087  Fradio_registers$PCON$0$0          radio_registers
           00000087  Frandom$P0_7$0$0                   random
           00000087  Frandom$PCON$0$0                   random
           00000087  Frandom_from_sernum$P0_7$0$0       random_from_sernum
           00000087  Frandom_from_sernum$PCON$0$0       random_from_sernum
           00000087  Ftime$P0_7$0$0                     time
           00000087  Ftime$PCON$0$0                     time
           00000087  Fuart1$P0_7$0$0                    uart1
           00000087  Fuart1$PCON$0$0                    uart1
           00000087  Fusb$P0_7$0$0                      usb
           00000087  Fusb$PCON$0$0                      usb
           00000087  Fusb_cdc_acm$P0_7$0$0              usb_cdc_acm
           00000087  Fusb_cdc_acm$PCON$0$0              usb_cdc_acm
           00000088  Fbarney_rx$TCON$0$0                barney_rx
           00000088  Fbarney_rx$_TCON_0$0$0             barney_rx
           00000088  Fboard$TCON$0$0                    board
           00000088  Fboard$_TCON_0$0$0                 board
           00000088  Fdma$TCON$0$0                      dma
           00000088  Fdma$_TCON_0$0$0                   dma
           00000088  Fradio_mac$TCON$0$0                radio_mac
           00000088  Fradio_mac$_TCON_0$0$0             radio_mac
           00000088  Fradio_queue$TCON$0$0              radio_queue
           00000088  Fradio_queue$_TCON_0$0$0           radio_queue
ASxxxx Linker V02.00 + NoICE + sdld,  page 7.
Hexadecimal  [32-Bits]

Area                                    Addr        Size        Decimal Bytes (Attributes)
--------------------------------        ----        ----        ------- ----- ------------
.	.ABS.                             00000000    00000000 =           0. bytes (ABS,CON)

      Value  Global                              Global Defined In Module
      -----  --------------------------------   ------------------------
           00000088  Fradio_registers$TCON$0$0          radio_registers
           00000088  Fradio_registers$_TCON_0$0$0       radio_registers
           00000088  Frandom$TCON$0$0                   random
           00000088  Frandom$_TCON_0$0$0                random
           00000088  Frandom_from_sernum$TCON$0$0       random_from_sernum
           00000088  Frandom_from_sernum$_TCON_0$0$0    random_from_sernum
           00000088  Ftime$TCON$0$0                     time
           00000088  Ftime$_TCON_0$0$0                  time
           00000088  Fuart1$TCON$0$0                    uart1
           00000088  Fuart1$_TCON_0$0$0                 uart1
           00000088  Fusb$TCON$0$0                      usb
           00000088  Fusb$_TCON_0$0$0                   usb
           00000088  Fusb_cdc_acm$TCON$0$0              usb_cdc_acm
           00000088  Fusb_cdc_acm$_TCON_0$0$0           usb_cdc_acm
           00000089  Fbarney_rx$P0IFG$0$0               barney_rx
           00000089  Fbarney_rx$RFTXRXIF$0$0            barney_rx
           00000089  Fboard$P0IFG$0$0                   board
           00000089  Fboard$RFTXRXIF$0$0                board
           00000089  Fdma$P0IFG$0$0                     dma
           00000089  Fdma$RFTXRXIF$0$0                  dma
           00000089  Fradio_mac$P0IFG$0$0               radio_mac
           00000089  Fradio_mac$RFTXRXIF$0$0            radio_mac
           00000089  Fradio_queue$P0IFG$0$0             radio_queue
           00000089  Fradio_queue$RFTXRXIF$0$0          radio_queue
           00000089  Fradio_registers$P0IFG$0$0         radio_registers
           00000089  Fradio_registers$RFTXRXIF$0$0      radio_registers
           00000089  Frandom$P0IFG$0$0                  random
           00000089  Frandom$RFTXRXIF$0$0               random
           00000089  Frandom_from_sernum$P0IFG$0$0      random_from_sernum
           00000089  Frandom_from_sernum$RFTXRXIF$0$0   random_from_sernum
           00000089  Ftime$P0IFG$0$0                    time
           00000089  Ftime$RFTXRXIF$0$0                 time
           00000089  Fuart1$P0IFG$0$0                   uart1
           00000089  Fuart1$RFTXRXIF$0$0                uart1
           00000089  Fusb$P0IFG$0$0                     usb
           00000089  Fusb$RFTXRXIF$0$0                  usb
           00000089  Fusb_cdc_acm$P0IFG$0$0             usb_cdc_acm
           00000089  Fusb_cdc_acm$RFTXRXIF$0$0          usb_cdc_acm
           0000008A  Fbarney_rx$P1IFG$0$0               barney_rx
           0000008A  Fbarney_rx$_TCON_2$0$0             barney_rx
           0000008A  Fboard$P1IFG$0$0                   board
           0000008A  Fboard$_TCON_2$0$0                 board
           0000008A  Fdma$P1IFG$0$0                     dma
           0000008A  Fdma$_TCON_2$0$0                   dma
           0000008A  Fradio_mac$P1IFG$0$0               radio_mac
           0000008A  Fradio_mac$_TCON_2$0$0             radio_mac
           0000008A  Fradio_queue$P1IFG$0$0             radio_queue
           0000008A  Fradio_queue$_TCON_2$0$0           radio_queue
           0000008A  Fradio_registers$P1IFG$0$0         radio_registers
           0000008A  Fradio_registers$_TCON_2$0$0       radio_registers
           0000008A  Frandom$P1IFG$0$0                  random
ASxxxx Linker V02.00 + NoICE + sdld,  page 8.
Hexadecimal  [32-Bits]

Area                                    Addr        Size        Decimal Bytes (Attributes)
--------------------------------        ----        ----        ------- ----- ------------
.	.ABS.                             00000000    00000000 =           0. bytes (ABS,CON)

      Value  Global                              Global Defined In Module
      -----  --------------------------------   ------------------------
           0000008A  Frandom$_TCON_2$0$0                random
           0000008A  Frandom_from_sernum$P1IFG$0$0      random_from_sernum
           0000008A  Frandom_from_sernum$_TCON_2$0$0    random_from_sernum
           0000008A  Ftime$P1IFG$0$0                    time
           0000008A  Ftime$_TCON_2$0$0                  time
           0000008A  Fuart1$P1IFG$0$0                   uart1
           0000008A  Fuart1$_TCON_2$0$0                 uart1
           0000008A  Fusb$P1IFG$0$0                     usb
           0000008A  Fusb$_TCON_2$0$0                   usb
           0000008A  Fusb_cdc_acm$P1IFG$0$0             usb_cdc_acm
           0000008A  Fusb_cdc_acm$_TCON_2$0$0           usb_cdc_acm
           0000008B  Fbarney_rx$P2IFG$0$0               barney_rx
           0000008B  Fbarney_rx$URX0IF$0$0              barney_rx
           0000008B  Fboard$P2IFG$0$0                   board
           0000008B  Fboard$URX0IF$0$0                  board
           0000008B  Fdma$P2IFG$0$0                     dma
           0000008B  Fdma$URX0IF$0$0                    dma
           0000008B  Fradio_mac$P2IFG$0$0               radio_mac
           0000008B  Fradio_mac$URX0IF$0$0              radio_mac
           0000008B  Fradio_queue$P2IFG$0$0             radio_queue
           0000008B  Fradio_queue$URX0IF$0$0            radio_queue
           0000008B  Fradio_registers$P2IFG$0$0         radio_registers
           0000008B  Fradio_registers$URX0IF$0$0        radio_registers
           0000008B  Frandom$P2IFG$0$0                  random
           0000008B  Frandom$URX0IF$0$0                 random
           0000008B  Frandom_from_sernum$P2IFG$0$0      random_from_sernum
           0000008B  Frandom_from_sernum$URX0IF$0$0     random_from_sernum
           0000008B  Ftime$P2IFG$0$0                    time
           0000008B  Ftime$URX0IF$0$0                   time
           0000008B  Fuart1$P2IFG$0$0                   uart1
           0000008B  Fuart1$URX0IF$0$0                  uart1
           0000008B  Fusb$P2IFG$0$0                     usb
           0000008B  Fusb$URX0IF$0$0                    usb
           0000008B  Fusb_cdc_acm$P2IFG$0$0             usb_cdc_acm
           0000008B  Fusb_cdc_acm$URX0IF$0$0            usb_cdc_acm
           0000008C  Fbarney_rx$PICTL$0$0               barney_rx
           0000008C  Fbarney_rx$_TCON_4$0$0             barney_rx
           0000008C  Fboard$PICTL$0$0                   board
           0000008C  Fboard$_TCON_4$0$0                 board
           0000008C  Fdma$PICTL$0$0                     dma
           0000008C  Fdma$_TCON_4$0$0                   dma
           0000008C  Fradio_mac$PICTL$0$0               radio_mac
           0000008C  Fradio_mac$_TCON_4$0$0             radio_mac
           0000008C  Fradio_queue$PICTL$0$0             radio_queue
           0000008C  Fradio_queue$_TCON_4$0$0           radio_queue
           0000008C  Fradio_registers$PICTL$0$0         radio_registers
           0000008C  Fradio_registers$_TCON_4$0$0       radio_registers
           0000008C  Frandom$PICTL$0$0                  random
           0000008C  Frandom$_TCON_4$0$0                random
           0000008C  Frandom_from_sernum$PICTL$0$0      random_from_sernum
           0000008C  Frandom_from_sernum$_TCON_4$0$0    random_from_sernum
ASxxxx Linker V02.00 + NoICE + sdld,  page 9.
Hexadecimal  [32-Bits]

Area                                    Addr        Size        Decimal Bytes (Attributes)
--------------------------------        ----        ----        ------- ----- ------------
.	.ABS.                             00000000    00000000 =           0. bytes (ABS,CON)

      Value  Global                              Global Defined In Module
      -----  --------------------------------   ------------------------
           0000008C  Ftime$PICTL$0$0                    time
           0000008C  Ftime$_TCON_4$0$0                  time
           0000008C  Fuart1$PICTL$0$0                   uart1
           0000008C  Fuart1$_TCON_4$0$0                 uart1
           0000008C  Fusb$PICTL$0$0                     usb
           0000008C  Fusb$_TCON_4$0$0                   usb
           0000008C  Fusb_cdc_acm$PICTL$0$0             usb_cdc_acm
           0000008C  Fusb_cdc_acm$_TCON_4$0$0           usb_cdc_acm
           0000008D  Fbarney_rx$ADCIF$0$0               barney_rx
           0000008D  Fbarney_rx$P1IEN$0$0               barney_rx
           0000008D  Fboard$ADCIF$0$0                   board
           0000008D  Fboard$P1IEN$0$0                   board
           0000008D  Fdma$ADCIF$0$0                     dma
           0000008D  Fdma$P1IEN$0$0                     dma
           0000008D  Fradio_mac$ADCIF$0$0               radio_mac
           0000008D  Fradio_mac$P1IEN$0$0               radio_mac
           0000008D  Fradio_queue$ADCIF$0$0             radio_queue
           0000008D  Fradio_queue$P1IEN$0$0             radio_queue
           0000008D  Fradio_registers$ADCIF$0$0         radio_registers
           0000008D  Fradio_registers$P1IEN$0$0         radio_registers
           0000008D  Frandom$ADCIF$0$0                  random
           0000008D  Frandom$P1IEN$0$0                  random
           0000008D  Frandom_from_sernum$ADCIF$0$0      random_from_sernum
           0000008D  Frandom_from_sernum$P1IEN$0$0      random_from_sernum
           0000008D  Ftime$ADCIF$0$0                    time
           0000008D  Ftime$P1IEN$0$0                    time
           0000008D  Fuart1$ADCIF$0$0                   uart1
           0000008D  Fuart1$P1IEN$0$0                   uart1
           0000008D  Fusb$ADCIF$0$0                     usb
           0000008D  Fusb$P1IEN$0$0                     usb
           0000008D  Fusb_cdc_acm$ADCIF$0$0             usb_cdc_acm
           0000008D  Fusb_cdc_acm$P1IEN$0$0             usb_cdc_acm
           0000008E  Fbarney_rx$_TCON_6$0$0             barney_rx
           0000008E  Fboard$_TCON_6$0$0                 board
           0000008E  Fdma$_TCON_6$0$0                   dma
           0000008E  Fradio_mac$_TCON_6$0$0             radio_mac
           0000008E  Fradio_queue$_TCON_6$0$0           radio_queue
           0000008E  Fradio_registers$_TCON_6$0$0       radio_registers
           0000008E  Frandom$_TCON_6$0$0                random
           0000008E  Frandom_from_sernum$_TCON_6$0$0    random_from_sernum
           0000008E  Ftime$_TCON_6$0$0                  time
           0000008E  Fuart1$_TCON_6$0$0                 uart1
           0000008E  Fusb$_TCON_6$0$0                   usb
           0000008E  Fusb_cdc_acm$_TCON_6$0$0           usb_cdc_acm
           0000008F  Fbarney_rx$P0INP$0$0               barney_rx
           0000008F  Fbarney_rx$URX1IF$0$0              barney_rx
           0000008F  Fboard$P0INP$0$0                   board
           0000008F  Fboard$URX1IF$0$0                  board
           0000008F  Fdma$P0INP$0$0                     dma
           0000008F  Fdma$URX1IF$0$0                    dma
           0000008F  Fradio_mac$P0INP$0$0               radio_mac
ASxxxx Linker V02.00 + NoICE + sdld,  page 10.
Hexadecimal  [32-Bits]

Area                                    Addr        Size        Decimal Bytes (Attributes)
--------------------------------        ----        ----        ------- ----- ------------
.	.ABS.                             00000000    00000000 =           0. bytes (ABS,CON)

      Value  Global                              Global Defined In Module
      -----  --------------------------------   ------------------------
           0000008F  Fradio_mac$URX1IF$0$0              radio_mac
           0000008F  Fradio_queue$P0INP$0$0             radio_queue
           0000008F  Fradio_queue$URX1IF$0$0            radio_queue
           0000008F  Fradio_registers$P0INP$0$0         radio_registers
           0000008F  Fradio_registers$URX1IF$0$0        radio_registers
           0000008F  Frandom$P0INP$0$0                  random
           0000008F  Frandom$URX1IF$0$0                 random
           0000008F  Frandom_from_sernum$P0INP$0$0      random_from_sernum
           0000008F  Frandom_from_sernum$URX1IF$0$0     random_from_sernum
           0000008F  Ftime$P0INP$0$0                    time
           0000008F  Ftime$URX1IF$0$0                   time
           0000008F  Fuart1$P0INP$0$0                   uart1
           0000008F  Fuart1$URX1IF$0$0                  uart1
           0000008F  Fusb$P0INP$0$0                     usb
           0000008F  Fusb$URX1IF$0$0                    usb
           0000008F  Fusb_cdc_acm$P0INP$0$0             usb_cdc_acm
           0000008F  Fusb_cdc_acm$URX1IF$0$0            usb_cdc_acm
           00000090  Fbarney_rx$P1$0$0                  barney_rx
           00000090  Fbarney_rx$P1_0$0$0                barney_rx
           00000090  Fboard$P1$0$0                      board
           00000090  Fboard$P1_0$0$0                    board
           00000090  Fdma$P1$0$0                        dma
           00000090  Fdma$P1_0$0$0                      dma
           00000090  Fradio_mac$P1$0$0                  radio_mac
           00000090  Fradio_mac$P1_0$0$0                radio_mac
           00000090  Fradio_queue$P1$0$0                radio_queue
           00000090  Fradio_queue$P1_0$0$0              radio_queue
           00000090  Fradio_registers$P1$0$0            radio_registers
           00000090  Fradio_registers$P1_0$0$0          radio_registers
           00000090  Frandom$P1$0$0                     random
           00000090  Frandom$P1_0$0$0                   random
           00000090  Frandom_from_sernum$P1$0$0         random_from_sernum
           00000090  Frandom_from_sernum$P1_0$0$0       random_from_sernum
           00000090  Ftime$P1$0$0                       time
           00000090  Ftime$P1_0$0$0                     time
           00000090  Fuart1$P1$0$0                      uart1
           00000090  Fuart1$P1_0$0$0                    uart1
           00000090  Fusb$P1$0$0                        usb
           00000090  Fusb$P1_0$0$0                      usb
           00000090  Fusb_cdc_acm$P1$0$0                usb_cdc_acm
           00000090  Fusb_cdc_acm$P1_0$0$0              usb_cdc_acm
           00000091  Fbarney_rx$P1_1$0$0                barney_rx
           00000091  Fbarney_rx$RFIM$0$0                barney_rx
           00000091  Fboard$P1_1$0$0                    board
           00000091  Fboard$RFIM$0$0                    board
           00000091  Fdma$P1_1$0$0                      dma
           00000091  Fdma$RFIM$0$0                      dma
           00000091  Fradio_mac$P1_1$0$0                radio_mac
           00000091  Fradio_mac$RFIM$0$0                radio_mac
           00000091  Fradio_queue$P1_1$0$0              radio_queue
           00000091  Fradio_queue$RFIM$0$0              radio_queue
ASxxxx Linker V02.00 + NoICE + sdld,  page 11.
Hexadecimal  [32-Bits]

Area                                    Addr        Size        Decimal Bytes (Attributes)
--------------------------------        ----        ----        ------- ----- ------------
.	.ABS.                             00000000    00000000 =           0. bytes (ABS,CON)

      Value  Global                              Global Defined In Module
      -----  --------------------------------   ------------------------
           00000091  Fradio_registers$P1_1$0$0          radio_registers
           00000091  Fradio_registers$RFIM$0$0          radio_registers
           00000091  Frandom$P1_1$0$0                   random
           00000091  Frandom$RFIM$0$0                   random
           00000091  Frandom_from_sernum$P1_1$0$0       random_from_sernum
           00000091  Frandom_from_sernum$RFIM$0$0       random_from_sernum
           00000091  Ftime$P1_1$0$0                     time
           00000091  Ftime$RFIM$0$0                     time
           00000091  Fuart1$P1_1$0$0                    uart1
           00000091  Fuart1$RFIM$0$0                    uart1
           00000091  Fusb$P1_1$0$0                      usb
           00000091  Fusb$RFIM$0$0                      usb
           00000091  Fusb_cdc_acm$P1_1$0$0              usb_cdc_acm
           00000091  Fusb_cdc_acm$RFIM$0$0              usb_cdc_acm
           00000092  Fbarney_rx$DPS$0$0                 barney_rx
           00000092  Fbarney_rx$P1_2$0$0                barney_rx
           00000092  Fboard$DPS$0$0                     board
           00000092  Fboard$P1_2$0$0                    board
           00000092  Fdma$DPS$0$0                       dma
           00000092  Fdma$P1_2$0$0                      dma
           00000092  Fradio_mac$DPS$0$0                 radio_mac
           00000092  Fradio_mac$P1_2$0$0                radio_mac
           00000092  Fradio_queue$DPS$0$0               radio_queue
           00000092  Fradio_queue$P1_2$0$0              radio_queue
           00000092  Fradio_registers$DPS$0$0           radio_registers
           00000092  Fradio_registers$P1_2$0$0          radio_registers
           00000092  Frandom$DPS$0$0                    random
           00000092  Frandom$P1_2$0$0                   random
           00000092  Frandom_from_sernum$DPS$0$0        random_from_sernum
           00000092  Frandom_from_sernum$P1_2$0$0       random_from_sernum
           00000092  Ftime$DPS$0$0                      time
           00000092  Ftime$P1_2$0$0                     time
           00000092  Fuart1$DPS$0$0                     uart1
           00000092  Fuart1$P1_2$0$0                    uart1
           00000092  Fusb$DPS$0$0                       usb
           00000092  Fusb$P1_2$0$0                      usb
           00000092  Fusb_cdc_acm$DPS$0$0               usb_cdc_acm
           00000092  Fusb_cdc_acm$P1_2$0$0              usb_cdc_acm
           00000093  Fbarney_rx$MPAGE$0$0               barney_rx
           00000093  Fbarney_rx$P1_3$0$0                barney_rx
           00000093  Fboard$MPAGE$0$0                   board
           00000093  Fboard$P1_3$0$0                    board
           00000093  Fdma$MPAGE$0$0                     dma
           00000093  Fdma$P1_3$0$0                      dma
           00000093  Fradio_mac$MPAGE$0$0               radio_mac
           00000093  Fradio_mac$P1_3$0$0                radio_mac
           00000093  Fradio_queue$MPAGE$0$0             radio_queue
           00000093  Fradio_queue$P1_3$0$0              radio_queue
           00000093  Fradio_registers$MPAGE$0$0         radio_registers
           00000093  Fradio_registers$P1_3$0$0          radio_registers
           00000093  Frandom$MPAGE$0$0                  random
ASxxxx Linker V02.00 + NoICE + sdld,  page 12.
Hexadecimal  [32-Bits]

Area                                    Addr        Size        Decimal Bytes (Attributes)
--------------------------------        ----        ----        ------- ----- ------------
.	.ABS.                             00000000    00000000 =           0. bytes (ABS,CON)

      Value  Global                              Global Defined In Module
      -----  --------------------------------   ------------------------
           00000093  Frandom$P1_3$0$0                   random
           00000093  Frandom_from_sernum$MPAGE$0$0      random_from_sernum
           00000093  Frandom_from_sernum$P1_3$0$0       random_from_sernum
           00000093  Ftime$MPAGE$0$0                    time
           00000093  Ftime$P1_3$0$0                     time
           00000093  Fuart1$MPAGE$0$0                   uart1
           00000093  Fuart1$P1_3$0$0                    uart1
           00000093  Fusb$MPAGE$0$0                     usb
           00000093  Fusb$P1_3$0$0                      usb
           00000093  Fusb_cdc_acm$MPAGE$0$0             usb_cdc_acm
           00000093  Fusb_cdc_acm$P1_3$0$0              usb_cdc_acm
           00000093  __XPAGE                            xpage
           00000094  Fbarney_rx$P1_4$0$0                barney_rx
           00000094  Fboard$P1_4$0$0                    board
           00000094  Fdma$P1_4$0$0                      dma
           00000094  Fradio_mac$P1_4$0$0                radio_mac
           00000094  Fradio_queue$P1_4$0$0              radio_queue
           00000094  Fradio_registers$P1_4$0$0          radio_registers
           00000094  Frandom$P1_4$0$0                   random
           00000094  Frandom_from_sernum$P1_4$0$0       random_from_sernum
           00000094  Ftime$P1_4$0$0                     time
           00000094  Fuart1$P1_4$0$0                    uart1
           00000094  Fusb$P1_4$0$0                      usb
           00000094  Fusb_cdc_acm$P1_4$0$0              usb_cdc_acm
           00000095  Fbarney_rx$ENDIAN$0$0              barney_rx
           00000095  Fbarney_rx$P1_5$0$0                barney_rx
           00000095  Fboard$ENDIAN$0$0                  board
           00000095  Fboard$P1_5$0$0                    board
           00000095  Fdma$ENDIAN$0$0                    dma
           00000095  Fdma$P1_5$0$0                      dma
           00000095  Fradio_mac$ENDIAN$0$0              radio_mac
           00000095  Fradio_mac$P1_5$0$0                radio_mac
           00000095  Fradio_queue$ENDIAN$0$0            radio_queue
           00000095  Fradio_queue$P1_5$0$0              radio_queue
           00000095  Fradio_registers$ENDIAN$0$0        radio_registers
           00000095  Fradio_registers$P1_5$0$0          radio_registers
           00000095  Frandom$ENDIAN$0$0                 random
           00000095  Frandom$P1_5$0$0                   random
           00000095  Frandom_from_sernum$ENDIAN$0$0     random_from_sernum
           00000095  Frandom_from_sernum$P1_5$0$0       random_from_sernum
           00000095  Ftime$ENDIAN$0$0                   time
           00000095  Ftime$P1_5$0$0                     time
           00000095  Fuart1$ENDIAN$0$0                  uart1
           00000095  Fuart1$P1_5$0$0                    uart1
           00000095  Fusb$ENDIAN$0$0                    usb
           00000095  Fusb$P1_5$0$0                      usb
           00000095  Fusb_cdc_acm$ENDIAN$0$0            usb_cdc_acm
           00000095  Fusb_cdc_acm$P1_5$0$0              usb_cdc_acm
           00000096  Fbarney_rx$P1_6$0$0                barney_rx
           00000096  Fboard$P1_6$0$0                    board
           00000096  Fdma$P1_6$0$0                      dma
ASxxxx Linker V02.00 + NoICE + sdld,  page 13.
Hexadecimal  [32-Bits]

Area                                    Addr        Size        Decimal Bytes (Attributes)
--------------------------------        ----        ----        ------- ----- ------------
.	.ABS.                             00000000    00000000 =           0. bytes (ABS,CON)

      Value  Global                              Global Defined In Module
      -----  --------------------------------   ------------------------
           00000096  Fradio_mac$P1_6$0$0                radio_mac
           00000096  Fradio_queue$P1_6$0$0              radio_queue
           00000096  Fradio_registers$P1_6$0$0          radio_registers
           00000096  Frandom$P1_6$0$0                   random
           00000096  Frandom_from_sernum$P1_6$0$0       random_from_sernum
           00000096  Ftime$P1_6$0$0                     time
           00000096  Fuart1$P1_6$0$0                    uart1
           00000096  Fusb$P1_6$0$0                      usb
           00000096  Fusb_cdc_acm$P1_6$0$0              usb_cdc_acm
           00000097  Fbarney_rx$P1_7$0$0                barney_rx
           00000097  Fboard$P1_7$0$0                    board
           00000097  Fdma$P1_7$0$0                      dma
           00000097  Fradio_mac$P1_7$0$0                radio_mac
           00000097  Fradio_queue$P1_7$0$0              radio_queue
           00000097  Fradio_registers$P1_7$0$0          radio_registers
           00000097  Frandom$P1_7$0$0                   random
           00000097  Frandom_from_sernum$P1_7$0$0       random_from_sernum
           00000097  Ftime$P1_7$0$0                     time
           00000097  Fuart1$P1_7$0$0                    uart1
           00000097  Fusb$P1_7$0$0                      usb
           00000097  Fusb_cdc_acm$P1_7$0$0              usb_cdc_acm
           00000098  Fbarney_rx$ENCIF_0$0$0             barney_rx
           00000098  Fbarney_rx$S0CON$0$0               barney_rx
           00000098  Fboard$ENCIF_0$0$0                 board
           00000098  Fboard$S0CON$0$0                   board
           00000098  Fdma$ENCIF_0$0$0                   dma
           00000098  Fdma$S0CON$0$0                     dma
           00000098  Fradio_mac$ENCIF_0$0$0             radio_mac
           00000098  Fradio_mac$S0CON$0$0               radio_mac
           00000098  Fradio_queue$ENCIF_0$0$0           radio_queue
           00000098  Fradio_queue$S0CON$0$0             radio_queue
           00000098  Fradio_registers$ENCIF_0$0$0       radio_registers
           00000098  Fradio_registers$S0CON$0$0         radio_registers
           00000098  Frandom$ENCIF_0$0$0                random
           00000098  Frandom$S0CON$0$0                  random
           00000098  Frandom_from_sernum$ENCIF_0$0$0    random_from_sernum
           00000098  Frandom_from_sernum$S0CON$0$0      random_from_sernum
           00000098  Ftime$ENCIF_0$0$0                  time
           00000098  Ftime$S0CON$0$0                    time
           00000098  Fuart1$ENCIF_0$0$0                 uart1
           00000098  Fuart1$S0CON$0$0                   uart1
           00000098  Fusb$ENCIF_0$0$0                   usb
           00000098  Fusb$S0CON$0$0                     usb
           00000098  Fusb_cdc_acm$ENCIF_0$0$0           usb_cdc_acm
           00000098  Fusb_cdc_acm$S0CON$0$0             usb_cdc_acm
           00000099  Fbarney_rx$ENCIF_1$0$0             barney_rx
           00000099  Fboard$ENCIF_1$0$0                 board
           00000099  Fdma$ENCIF_1$0$0                   dma
           00000099  Fradio_mac$ENCIF_1$0$0             radio_mac
           00000099  Fradio_queue$ENCIF_1$0$0           radio_queue
           00000099  Fradio_registers$ENCIF_1$0$0       radio_registers
ASxxxx Linker V02.00 + NoICE + sdld,  page 14.
Hexadecimal  [32-Bits]

Area                                    Addr        Size        Decimal Bytes (Attributes)
--------------------------------        ----        ----        ------- ----- ------------
.	.ABS.                             00000000    00000000 =           0. bytes (ABS,CON)

      Value  Global                              Global Defined In Module
      -----  --------------------------------   ------------------------
           00000099  Frandom$ENCIF_1$0$0                random
           00000099  Frandom_from_sernum$ENCIF_1$0$0    random_from_sernum
           00000099  Ftime$ENCIF_1$0$0                  time
           00000099  Fuart1$ENCIF_1$0$0                 uart1
           00000099  Fusb$ENCIF_1$0$0                   usb
           00000099  Fusb_cdc_acm$ENCIF_1$0$0           usb_cdc_acm
           0000009A  Fbarney_rx$IEN2$0$0                barney_rx
           0000009A  Fbarney_rx$_SOCON2$0$0             barney_rx
           0000009A  Fboard$IEN2$0$0                    board
           0000009A  Fboard$_SOCON2$0$0                 board
           0000009A  Fdma$IEN2$0$0                      dma
           0000009A  Fdma$_SOCON2$0$0                   dma
           0000009A  Fradio_mac$IEN2$0$0                radio_mac
           0000009A  Fradio_mac$_SOCON2$0$0             radio_mac
           0000009A  Fradio_queue$IEN2$0$0              radio_queue
           0000009A  Fradio_queue$_SOCON2$0$0           radio_queue
           0000009A  Fradio_registers$IEN2$0$0          radio_registers
           0000009A  Fradio_registers$_SOCON2$0$0       radio_registers
           0000009A  Frandom$IEN2$0$0                   random
           0000009A  Frandom$_SOCON2$0$0                random
           0000009A  Frandom_from_sernum$IEN2$0$0       random_from_sernum
           0000009A  Frandom_from_sernum$_SOCON2$0$0    random_from_sernum
           0000009A  Ftime$IEN2$0$0                     time
           0000009A  Ftime$_SOCON2$0$0                  time
           0000009A  Fuart1$IEN2$0$0                    uart1
           0000009A  Fuart1$_SOCON2$0$0                 uart1
           0000009A  Fusb$IEN2$0$0                      usb
           0000009A  Fusb$_SOCON2$0$0                   usb
           0000009A  Fusb_cdc_acm$IEN2$0$0              usb_cdc_acm
           0000009A  Fusb_cdc_acm$_SOCON2$0$0           usb_cdc_acm
           0000009B  Fbarney_rx$S1CON$0$0               barney_rx
           0000009B  Fbarney_rx$_SOCON3$0$0             barney_rx
           0000009B  Fboard$S1CON$0$0                   board
           0000009B  Fboard$_SOCON3$0$0                 board
           0000009B  Fdma$S1CON$0$0                     dma
           0000009B  Fdma$_SOCON3$0$0                   dma
           0000009B  Fradio_mac$S1CON$0$0               radio_mac
           0000009B  Fradio_mac$_SOCON3$0$0             radio_mac
           0000009B  Fradio_queue$S1CON$0$0             radio_queue
           0000009B  Fradio_queue$_SOCON3$0$0           radio_queue
           0000009B  Fradio_registers$S1CON$0$0         radio_registers
           0000009B  Fradio_registers$_SOCON3$0$0       radio_registers
           0000009B  Frandom$S1CON$0$0                  random
           0000009B  Frandom$_SOCON3$0$0                random
           0000009B  Frandom_from_sernum$S1CON$0$0      random_from_sernum
           0000009B  Frandom_from_sernum$_SOCON3$0$0    random_from_sernum
           0000009B  Ftime$S1CON$0$0                    time
           0000009B  Ftime$_SOCON3$0$0                  time
           0000009B  Fuart1$S1CON$0$0                   uart1
           0000009B  Fuart1$_SOCON3$0$0                 uart1
           0000009B  Fusb$S1CON$0$0                     usb
ASxxxx Linker V02.00 + NoICE + sdld,  page 15.
Hexadecimal  [32-Bits]

Area                                    Addr        Size        Decimal Bytes (Attributes)
--------------------------------        ----        ----        ------- ----- ------------
.	.ABS.                             00000000    00000000 =           0. bytes (ABS,CON)

      Value  Global                              Global Defined In Module
      -----  --------------------------------   ------------------------
           0000009B  Fusb$_SOCON3$0$0                   usb
           0000009B  Fusb_cdc_acm$S1CON$0$0             usb_cdc_acm
           0000009B  Fusb_cdc_acm$_SOCON3$0$0           usb_cdc_acm
           0000009C  Fbarney_rx$T2CT$0$0                barney_rx
           0000009C  Fbarney_rx$_SOCON4$0$0             barney_rx
           0000009C  Fboard$T2CT$0$0                    board
           0000009C  Fboard$_SOCON4$0$0                 board
           0000009C  Fdma$T2CT$0$0                      dma
           0000009C  Fdma$_SOCON4$0$0                   dma
           0000009C  Fradio_mac$T2CT$0$0                radio_mac
           0000009C  Fradio_mac$_SOCON4$0$0             radio_mac
           0000009C  Fradio_queue$T2CT$0$0              radio_queue
           0000009C  Fradio_queue$_SOCON4$0$0           radio_queue
           0000009C  Fradio_registers$T2CT$0$0          radio_registers
           0000009C  Fradio_registers$_SOCON4$0$0       radio_registers
           0000009C  Frandom$T2CT$0$0                   random
           0000009C  Frandom$_SOCON4$0$0                random
           0000009C  Frandom_from_sernum$T2CT$0$0       random_from_sernum
           0000009C  Frandom_from_sernum$_SOCON4$0$0    random_from_sernum
           0000009C  Ftime$T2CT$0$0                     time
           0000009C  Ftime$_SOCON4$0$0                  time
           0000009C  Fuart1$T2CT$0$0                    uart1
           0000009C  Fuart1$_SOCON4$0$0                 uart1
           0000009C  Fusb$T2CT$0$0                      usb
           0000009C  Fusb$_SOCON4$0$0                   usb
           0000009C  Fusb_cdc_acm$T2CT$0$0              usb_cdc_acm
           0000009C  Fusb_cdc_acm$_SOCON4$0$0           usb_cdc_acm
           0000009D  Fbarney_rx$T2PR$0$0                barney_rx
           0000009D  Fbarney_rx$_SOCON5$0$0             barney_rx
           0000009D  Fboard$T2PR$0$0                    board
           0000009D  Fboard$_SOCON5$0$0                 board
           0000009D  Fdma$T2PR$0$0                      dma
           0000009D  Fdma$_SOCON5$0$0                   dma
           0000009D  Fradio_mac$T2PR$0$0                radio_mac
           0000009D  Fradio_mac$_SOCON5$0$0             radio_mac
           0000009D  Fradio_queue$T2PR$0$0              radio_queue
           0000009D  Fradio_queue$_SOCON5$0$0           radio_queue
           0000009D  Fradio_registers$T2PR$0$0          radio_registers
           0000009D  Fradio_registers$_SOCON5$0$0       radio_registers
           0000009D  Frandom$T2PR$0$0                   random
           0000009D  Frandom$_SOCON5$0$0                random
           0000009D  Frandom_from_sernum$T2PR$0$0       random_from_sernum
           0000009D  Frandom_from_sernum$_SOCON5$0$0    random_from_sernum
           0000009D  Ftime$T2PR$0$0                     time
           0000009D  Ftime$_SOCON5$0$0                  time
           0000009D  Fuart1$T2PR$0$0                    uart1
           0000009D  Fuart1$_SOCON5$0$0                 uart1
           0000009D  Fusb$T2PR$0$0                      usb
           0000009D  Fusb$_SOCON5$0$0                   usb
           0000009D  Fusb_cdc_acm$T2PR$0$0              usb_cdc_acm
           0000009D  Fusb_cdc_acm$_SOCON5$0$0           usb_cdc_acm
ASxxxx Linker V02.00 + NoICE + sdld,  page 16.
Hexadecimal  [32-Bits]

Area                                    Addr        Size        Decimal Bytes (Attributes)
--------------------------------        ----        ----        ------- ----- ------------
.	.ABS.                             00000000    00000000 =           0. bytes (ABS,CON)

      Value  Global                              Global Defined In Module
      -----  --------------------------------   ------------------------
           0000009E  Fbarney_rx$T2CTL$0$0               barney_rx
           0000009E  Fbarney_rx$_SOCON6$0$0             barney_rx
           0000009E  Fboard$T2CTL$0$0                   board
           0000009E  Fboard$_SOCON6$0$0                 board
           0000009E  Fdma$T2CTL$0$0                     dma
           0000009E  Fdma$_SOCON6$0$0                   dma
           0000009E  Fradio_mac$T2CTL$0$0               radio_mac
           0000009E  Fradio_mac$_SOCON6$0$0             radio_mac
           0000009E  Fradio_queue$T2CTL$0$0             radio_queue
           0000009E  Fradio_queue$_SOCON6$0$0           radio_queue
           0000009E  Fradio_registers$T2CTL$0$0         radio_registers
           0000009E  Fradio_registers$_SOCON6$0$0       radio_registers
           0000009E  Frandom$T2CTL$0$0                  random
           0000009E  Frandom$_SOCON6$0$0                random
           0000009E  Frandom_from_sernum$T2CTL$0$0      random_from_sernum
           0000009E  Frandom_from_sernum$_SOCON6$0$0    random_from_sernum
           0000009E  Ftime$T2CTL$0$0                    time
           0000009E  Ftime$_SOCON6$0$0                  time
           0000009E  Fuart1$T2CTL$0$0                   uart1
           0000009E  Fuart1$_SOCON6$0$0                 uart1
           0000009E  Fusb$T2CTL$0$0                     usb
           0000009E  Fusb$_SOCON6$0$0                   usb
           0000009E  Fusb_cdc_acm$T2CTL$0$0             usb_cdc_acm
           0000009E  Fusb_cdc_acm$_SOCON6$0$0           usb_cdc_acm
           0000009F  Fbarney_rx$_SOCON7$0$0             barney_rx
           0000009F  Fboard$_SOCON7$0$0                 board
           0000009F  Fdma$_SOCON7$0$0                   dma
           0000009F  Fradio_mac$_SOCON7$0$0             radio_mac
           0000009F  Fradio_queue$_SOCON7$0$0           radio_queue
           0000009F  Fradio_registers$_SOCON7$0$0       radio_registers
           0000009F  Frandom$_SOCON7$0$0                random
           0000009F  Frandom_from_sernum$_SOCON7$0$0    random_from_sernum
           0000009F  Ftime$_SOCON7$0$0                  time
           0000009F  Fuart1$_SOCON7$0$0                 uart1
           0000009F  Fusb$_SOCON7$0$0                   usb
           0000009F  Fusb_cdc_acm$_SOCON7$0$0           usb_cdc_acm
           000000A0  Fbarney_rx$P2$0$0                  barney_rx
           000000A0  Fbarney_rx$P2_0$0$0                barney_rx
           000000A0  Fboard$P2$0$0                      board
           000000A0  Fboard$P2_0$0$0                    board
           000000A0  Fdma$P2$0$0                        dma
           000000A0  Fdma$P2_0$0$0                      dma
           000000A0  Fradio_mac$P2$0$0                  radio_mac
           000000A0  Fradio_mac$P2_0$0$0                radio_mac
           000000A0  Fradio_queue$P2$0$0                radio_queue
           000000A0  Fradio_queue$P2_0$0$0              radio_queue
           000000A0  Fradio_registers$P2$0$0            radio_registers
           000000A0  Fradio_registers$P2_0$0$0          radio_registers
           000000A0  Frandom$P2$0$0                     random
           000000A0  Frandom$P2_0$0$0                   random
           000000A0  Frandom_from_sernum$P2$0$0         random_from_sernum
ASxxxx Linker V02.00 + NoICE + sdld,  page 17.
Hexadecimal  [32-Bits]

Area                                    Addr        Size        Decimal Bytes (Attributes)
--------------------------------        ----        ----        ------- ----- ------------
.	.ABS.                             00000000    00000000 =           0. bytes (ABS,CON)

      Value  Global                              Global Defined In Module
      -----  --------------------------------   ------------------------
           000000A0  Frandom_from_sernum$P2_0$0$0       random_from_sernum
           000000A0  Ftime$P2$0$0                       time
           000000A0  Ftime$P2_0$0$0                     time
           000000A0  Fuart1$P2$0$0                      uart1
           000000A0  Fuart1$P2_0$0$0                    uart1
           000000A0  Fusb$P2$0$0                        usb
           000000A0  Fusb$P2_0$0$0                      usb
           000000A0  Fusb_cdc_acm$P2$0$0                usb_cdc_acm
           000000A0  Fusb_cdc_acm$P2_0$0$0              usb_cdc_acm
           000000A1  Fbarney_rx$P2_1$0$0                barney_rx
           000000A1  Fbarney_rx$WORIRQ$0$0              barney_rx
           000000A1  Fboard$P2_1$0$0                    board
           000000A1  Fboard$WORIRQ$0$0                  board
           000000A1  Fdma$P2_1$0$0                      dma
           000000A1  Fdma$WORIRQ$0$0                    dma
           000000A1  Fradio_mac$P2_1$0$0                radio_mac
           000000A1  Fradio_mac$WORIRQ$0$0              radio_mac
           000000A1  Fradio_queue$P2_1$0$0              radio_queue
           000000A1  Fradio_queue$WORIRQ$0$0            radio_queue
           000000A1  Fradio_registers$P2_1$0$0          radio_registers
           000000A1  Fradio_registers$WORIRQ$0$0        radio_registers
           000000A1  Frandom$P2_1$0$0                   random
           000000A1  Frandom$WORIRQ$0$0                 random
           000000A1  Frandom_from_sernum$P2_1$0$0       random_from_sernum
           000000A1  Frandom_from_sernum$WORIRQ$0$0     random_from_sernum
           000000A1  Ftime$P2_1$0$0                     time
           000000A1  Ftime$WORIRQ$0$0                   time
           000000A1  Fuart1$P2_1$0$0                    uart1
           000000A1  Fuart1$WORIRQ$0$0                  uart1
           000000A1  Fusb$P2_1$0$0                      usb
           000000A1  Fusb$WORIRQ$0$0                    usb
           000000A1  Fusb_cdc_acm$P2_1$0$0              usb_cdc_acm
           000000A1  Fusb_cdc_acm$WORIRQ$0$0            usb_cdc_acm
           000000A2  Fbarney_rx$P2_2$0$0                barney_rx
           000000A2  Fbarney_rx$WORCTRL$0$0             barney_rx
           000000A2  Fboard$P2_2$0$0                    board
           000000A2  Fboard$WORCTRL$0$0                 board
           000000A2  Fdma$P2_2$0$0                      dma
           000000A2  Fdma$WORCTRL$0$0                   dma
           000000A2  Fradio_mac$P2_2$0$0                radio_mac
           000000A2  Fradio_mac$WORCTRL$0$0             radio_mac
           000000A2  Fradio_queue$P2_2$0$0              radio_queue
           000000A2  Fradio_queue$WORCTRL$0$0           radio_queue
           000000A2  Fradio_registers$P2_2$0$0          radio_registers
           000000A2  Fradio_registers$WORCTRL$0$0       radio_registers
           000000A2  Frandom$P2_2$0$0                   random
           000000A2  Frandom$WORCTRL$0$0                random
           000000A2  Frandom_from_sernum$P2_2$0$0       random_from_sernum
           000000A2  Frandom_from_sernum$WORCTRL$0$0    random_from_sernum
           000000A2  Ftime$P2_2$0$0                     time
           000000A2  Ftime$WORCTRL$0$0                  time
ASxxxx Linker V02.00 + NoICE + sdld,  page 18.
Hexadecimal  [32-Bits]

Area                                    Addr        Size        Decimal Bytes (Attributes)
--------------------------------        ----        ----        ------- ----- ------------
.	.ABS.                             00000000    00000000 =           0. bytes (ABS,CON)

      Value  Global                              Global Defined In Module
      -----  --------------------------------   ------------------------
           000000A2  Fuart1$P2_2$0$0                    uart1
           000000A2  Fuart1$WORCTRL$0$0                 uart1
           000000A2  Fusb$P2_2$0$0                      usb
           000000A2  Fusb$WORCTRL$0$0                   usb
           000000A2  Fusb_cdc_acm$P2_2$0$0              usb_cdc_acm
           000000A2  Fusb_cdc_acm$WORCTRL$0$0           usb_cdc_acm
           000000A3  Fbarney_rx$P2_3$0$0                barney_rx
           000000A3  Fbarney_rx$WOREVT0$0$0             barney_rx
           000000A3  Fboard$P2_3$0$0                    board
           000000A3  Fboard$WOREVT0$0$0                 board
           000000A3  Fdma$P2_3$0$0                      dma
           000000A3  Fdma$WOREVT0$0$0                   dma
           000000A3  Fradio_mac$P2_3$0$0                radio_mac
           000000A3  Fradio_mac$WOREVT0$0$0             radio_mac
           000000A3  Fradio_queue$P2_3$0$0              radio_queue
           000000A3  Fradio_queue$WOREVT0$0$0           radio_queue
           000000A3  Fradio_registers$P2_3$0$0          radio_registers
           000000A3  Fradio_registers$WOREVT0$0$0       radio_registers
           000000A3  Frandom$P2_3$0$0                   random
           000000A3  Frandom$WOREVT0$0$0                random
           000000A3  Frandom_from_sernum$P2_3$0$0       random_from_sernum
           000000A3  Frandom_from_sernum$WOREVT0$0$0    random_from_sernum
           000000A3  Ftime$P2_3$0$0                     time
           000000A3  Ftime$WOREVT0$0$0                  time
           000000A3  Fuart1$P2_3$0$0                    uart1
           000000A3  Fuart1$WOREVT0$0$0                 uart1
           000000A3  Fusb$P2_3$0$0                      usb
           000000A3  Fusb$WOREVT0$0$0                   usb
           000000A3  Fusb_cdc_acm$P2_3$0$0              usb_cdc_acm
           000000A3  Fusb_cdc_acm$WOREVT0$0$0           usb_cdc_acm
           000000A4  Fbarney_rx$P2_4$0$0                barney_rx
           000000A4  Fbarney_rx$WOREVT1$0$0             barney_rx
           000000A4  Fboard$P2_4$0$0                    board
           000000A4  Fboard$WOREVT1$0$0                 board
           000000A4  Fdma$P2_4$0$0                      dma
           000000A4  Fdma$WOREVT1$0$0                   dma
           000000A4  Fradio_mac$P2_4$0$0                radio_mac
           000000A4  Fradio_mac$WOREVT1$0$0             radio_mac
           000000A4  Fradio_queue$P2_4$0$0              radio_queue
           000000A4  Fradio_queue$WOREVT1$0$0           radio_queue
           000000A4  Fradio_registers$P2_4$0$0          radio_registers
           000000A4  Fradio_registers$WOREVT1$0$0       radio_registers
           000000A4  Frandom$P2_4$0$0                   random
           000000A4  Frandom$WOREVT1$0$0                random
           000000A4  Frandom_from_sernum$P2_4$0$0       random_from_sernum
           000000A4  Frandom_from_sernum$WOREVT1$0$0    random_from_sernum
           000000A4  Ftime$P2_4$0$0                     time
           000000A4  Ftime$WOREVT1$0$0                  time
           000000A4  Fuart1$P2_4$0$0                    uart1
           000000A4  Fuart1$WOREVT1$0$0                 uart1
           000000A4  Fusb$P2_4$0$0                      usb
ASxxxx Linker V02.00 + NoICE + sdld,  page 19.
Hexadecimal  [32-Bits]

Area                                    Addr        Size        Decimal Bytes (Attributes)
--------------------------------        ----        ----        ------- ----- ------------
.	.ABS.                             00000000    00000000 =           0. bytes (ABS,CON)

      Value  Global                              Global Defined In Module
      -----  --------------------------------   ------------------------
           000000A4  Fusb$WOREVT1$0$0                   usb
           000000A4  Fusb_cdc_acm$P2_4$0$0              usb_cdc_acm
           000000A4  Fusb_cdc_acm$WOREVT1$0$0           usb_cdc_acm
           000000A5  Fbarney_rx$P2_5$0$0                barney_rx
           000000A5  Fbarney_rx$WORTIME0$0$0            barney_rx
           000000A5  Fboard$P2_5$0$0                    board
           000000A5  Fboard$WORTIME0$0$0                board
           000000A5  Fdma$P2_5$0$0                      dma
           000000A5  Fdma$WORTIME0$0$0                  dma
           000000A5  Fradio_mac$P2_5$0$0                radio_mac
           000000A5  Fradio_mac$WORTIME0$0$0            radio_mac
           000000A5  Fradio_queue$P2_5$0$0              radio_queue
           000000A5  Fradio_queue$WORTIME0$0$0          radio_queue
           000000A5  Fradio_registers$P2_5$0$0          radio_registers
           000000A5  Fradio_registers$WORTIME0$0$0      radio_registers
           000000A5  Frandom$P2_5$0$0                   random
           000000A5  Frandom$WORTIME0$0$0               random
           000000A5  Frandom_from_sernum$P2_5$0$0       random_from_sernum
           000000A5  Frandom_from_sernum$WORTIME0$0$0   random_from_sernum
           000000A5  Ftime$P2_5$0$0                     time
           000000A5  Ftime$WORTIME0$0$0                 time
           000000A5  Fuart1$P2_5$0$0                    uart1
           000000A5  Fuart1$WORTIME0$0$0                uart1
           000000A5  Fusb$P2_5$0$0                      usb
           000000A5  Fusb$WORTIME0$0$0                  usb
           000000A5  Fusb_cdc_acm$P2_5$0$0              usb_cdc_acm
           000000A5  Fusb_cdc_acm$WORTIME0$0$0          usb_cdc_acm
           000000A6  Fbarney_rx$P2_6$0$0                barney_rx
           000000A6  Fbarney_rx$WORTIME1$0$0            barney_rx
           000000A6  Fboard$P2_6$0$0                    board
           000000A6  Fboard$WORTIME1$0$0                board
           000000A6  Fdma$P2_6$0$0                      dma
           000000A6  Fdma$WORTIME1$0$0                  dma
           000000A6  Fradio_mac$P2_6$0$0                radio_mac
           000000A6  Fradio_mac$WORTIME1$0$0            radio_mac
           000000A6  Fradio_queue$P2_6$0$0              radio_queue
           000000A6  Fradio_queue$WORTIME1$0$0          radio_queue
           000000A6  Fradio_registers$P2_6$0$0          radio_registers
           000000A6  Fradio_registers$WORTIME1$0$0      radio_registers
           000000A6  Frandom$P2_6$0$0                   random
           000000A6  Frandom$WORTIME1$0$0               random
           000000A6  Frandom_from_sernum$P2_6$0$0       random_from_sernum
           000000A6  Frandom_from_sernum$WORTIME1$0$0   random_from_sernum
           000000A6  Ftime$P2_6$0$0                     time
           000000A6  Ftime$WORTIME1$0$0                 time
           000000A6  Fuart1$P2_6$0$0                    uart1
           000000A6  Fuart1$WORTIME1$0$0                uart1
           000000A6  Fusb$P2_6$0$0                      usb
           000000A6  Fusb$WORTIME1$0$0                  usb
           000000A6  Fusb_cdc_acm$P2_6$0$0              usb_cdc_acm
           000000A6  Fusb_cdc_acm$WORTIME1$0$0          usb_cdc_acm
ASxxxx Linker V02.00 + NoICE + sdld,  page 20.
Hexadecimal  [32-Bits]

Area                                    Addr        Size        Decimal Bytes (Attributes)
--------------------------------        ----        ----        ------- ----- ------------
.	.ABS.                             00000000    00000000 =           0. bytes (ABS,CON)

      Value  Global                              Global Defined In Module
      -----  --------------------------------   ------------------------
           000000A7  Fbarney_rx$P2_7$0$0                barney_rx
           000000A7  Fboard$P2_7$0$0                    board
           000000A7  Fdma$P2_7$0$0                      dma
           000000A7  Fradio_mac$P2_7$0$0                radio_mac
           000000A7  Fradio_queue$P2_7$0$0              radio_queue
           000000A7  Fradio_registers$P2_7$0$0          radio_registers
           000000A7  Frandom$P2_7$0$0                   random
           000000A7  Frandom_from_sernum$P2_7$0$0       random_from_sernum
           000000A7  Ftime$P2_7$0$0                     time
           000000A7  Fuart1$P2_7$0$0                    uart1
           000000A7  Fusb$P2_7$0$0                      usb
           000000A7  Fusb_cdc_acm$P2_7$0$0              usb_cdc_acm
           000000A8  Fbarney_rx$IEN0$0$0                barney_rx
           000000A8  Fbarney_rx$RFTXRXIE$0$0            barney_rx
           000000A8  Fboard$IEN0$0$0                    board
           000000A8  Fboard$RFTXRXIE$0$0                board
           000000A8  Fdma$IEN0$0$0                      dma
           000000A8  Fdma$RFTXRXIE$0$0                  dma
           000000A8  Fradio_mac$IEN0$0$0                radio_mac
           000000A8  Fradio_mac$RFTXRXIE$0$0            radio_mac
           000000A8  Fradio_queue$IEN0$0$0              radio_queue
           000000A8  Fradio_queue$RFTXRXIE$0$0          radio_queue
           000000A8  Fradio_registers$IEN0$0$0          radio_registers
           000000A8  Fradio_registers$RFTXRXIE$0$0      radio_registers
           000000A8  Frandom$IEN0$0$0                   random
           000000A8  Frandom$RFTXRXIE$0$0               random
           000000A8  Frandom_from_sernum$IEN0$0$0       random_from_sernum
           000000A8  Frandom_from_sernum$RFTXRXIE$0$0   random_from_sernum
           000000A8  Ftime$IEN0$0$0                     time
           000000A8  Ftime$RFTXRXIE$0$0                 time
           000000A8  Fuart1$IEN0$0$0                    uart1
           000000A8  Fuart1$RFTXRXIE$0$0                uart1
           000000A8  Fusb$IEN0$0$0                      usb
           000000A8  Fusb$RFTXRXIE$0$0                  usb
           000000A8  Fusb_cdc_acm$IEN0$0$0              usb_cdc_acm
           000000A8  Fusb_cdc_acm$RFTXRXIE$0$0          usb_cdc_acm
           000000A9  Fbarney_rx$ADCIE$0$0               barney_rx
           000000A9  Fbarney_rx$IP0$0$0                 barney_rx
           000000A9  Fboard$ADCIE$0$0                   board
           000000A9  Fboard$IP0$0$0                     board
           000000A9  Fdma$ADCIE$0$0                     dma
           000000A9  Fdma$IP0$0$0                       dma
           000000A9  Fradio_mac$ADCIE$0$0               radio_mac
           000000A9  Fradio_mac$IP0$0$0                 radio_mac
           000000A9  Fradio_queue$ADCIE$0$0             radio_queue
           000000A9  Fradio_queue$IP0$0$0               radio_queue
           000000A9  Fradio_registers$ADCIE$0$0         radio_registers
           000000A9  Fradio_registers$IP0$0$0           radio_registers
           000000A9  Frandom$ADCIE$0$0                  random
           000000A9  Frandom$IP0$0$0                    random
           000000A9  Frandom_from_sernum$ADCIE$0$0      random_from_sernum
ASxxxx Linker V02.00 + NoICE + sdld,  page 21.
Hexadecimal  [32-Bits]

Area                                    Addr        Size        Decimal Bytes (Attributes)
--------------------------------        ----        ----        ------- ----- ------------
.	.ABS.                             00000000    00000000 =           0. bytes (ABS,CON)

      Value  Global                              Global Defined In Module
      -----  --------------------------------   ------------------------
           000000A9  Frandom_from_sernum$IP0$0$0        random_from_sernum
           000000A9  Ftime$ADCIE$0$0                    time
           000000A9  Ftime$IP0$0$0                      time
           000000A9  Fuart1$ADCIE$0$0                   uart1
           000000A9  Fuart1$IP0$0$0                     uart1
           000000A9  Fusb$ADCIE$0$0                     usb
           000000A9  Fusb$IP0$0$0                       usb
           000000A9  Fusb_cdc_acm$ADCIE$0$0             usb_cdc_acm
           000000A9  Fusb_cdc_acm$IP0$0$0               usb_cdc_acm
           000000AA  Fbarney_rx$URX0IE$0$0              barney_rx
           000000AA  Fboard$URX0IE$0$0                  board
           000000AA  Fdma$URX0IE$0$0                    dma
           000000AA  Fradio_mac$URX0IE$0$0              radio_mac
           000000AA  Fradio_queue$URX0IE$0$0            radio_queue
           000000AA  Fradio_registers$URX0IE$0$0        radio_registers
           000000AA  Frandom$URX0IE$0$0                 random
           000000AA  Frandom_from_sernum$URX0IE$0$0     random_from_sernum
           000000AA  Ftime$URX0IE$0$0                   time
           000000AA  Fuart1$URX0IE$0$0                  uart1
           000000AA  Fusb$URX0IE$0$0                    usb
           000000AA  Fusb_cdc_acm$URX0IE$0$0            usb_cdc_acm
           000000AB  Fbarney_rx$FWT$0$0                 barney_rx
           000000AB  Fbarney_rx$URX1IE$0$0              barney_rx
           000000AB  Fboard$FWT$0$0                     board
           000000AB  Fboard$URX1IE$0$0                  board
           000000AB  Fdma$FWT$0$0                       dma
           000000AB  Fdma$URX1IE$0$0                    dma
           000000AB  Fradio_mac$FWT$0$0                 radio_mac
           000000AB  Fradio_mac$URX1IE$0$0              radio_mac
           000000AB  Fradio_queue$FWT$0$0               radio_queue
           000000AB  Fradio_queue$URX1IE$0$0            radio_queue
           000000AB  Fradio_registers$FWT$0$0           radio_registers
           000000AB  Fradio_registers$URX1IE$0$0        radio_registers
           000000AB  Frandom$FWT$0$0                    random
           000000AB  Frandom$URX1IE$0$0                 random
           000000AB  Frandom_from_sernum$FWT$0$0        random_from_sernum
           000000AB  Frandom_from_sernum$URX1IE$0$0     random_from_sernum
           000000AB  Ftime$FWT$0$0                      time
           000000AB  Ftime$URX1IE$0$0                   time
           000000AB  Fuart1$FWT$0$0                     uart1
           000000AB  Fuart1$URX1IE$0$0                  uart1
           000000AB  Fusb$FWT$0$0                       usb
           000000AB  Fusb$URX1IE$0$0                    usb
           000000AB  Fusb_cdc_acm$FWT$0$0               usb_cdc_acm
           000000AB  Fusb_cdc_acm$URX1IE$0$0            usb_cdc_acm
           000000AC  Fbarney_rx$ENCIE$0$0               barney_rx
           000000AC  Fbarney_rx$FADDRL$0$0              barney_rx
           000000AC  Fboard$ENCIE$0$0                   board
           000000AC  Fboard$FADDRL$0$0                  board
           000000AC  Fdma$ENCIE$0$0                     dma
           000000AC  Fdma$FADDRL$0$0                    dma
ASxxxx Linker V02.00 + NoICE + sdld,  page 22.
Hexadecimal  [32-Bits]

Area                                    Addr        Size        Decimal Bytes (Attributes)
--------------------------------        ----        ----        ------- ----- ------------
.	.ABS.                             00000000    00000000 =           0. bytes (ABS,CON)

      Value  Global                              Global Defined In Module
      -----  --------------------------------   ------------------------
           000000AC  Fradio_mac$ENCIE$0$0               radio_mac
           000000AC  Fradio_mac$FADDRL$0$0              radio_mac
           000000AC  Fradio_queue$ENCIE$0$0             radio_queue
           000000AC  Fradio_queue$FADDRL$0$0            radio_queue
           000000AC  Fradio_registers$ENCIE$0$0         radio_registers
           000000AC  Fradio_registers$FADDRL$0$0        radio_registers
           000000AC  Frandom$ENCIE$0$0                  random
           000000AC  Frandom$FADDRL$0$0                 random
           000000AC  Frandom_from_sernum$ENCIE$0$0      random_from_sernum
           000000AC  Frandom_from_sernum$FADDRL$0$0     random_from_sernum
           000000AC  Ftime$ENCIE$0$0                    time
           000000AC  Ftime$FADDRL$0$0                   time
           000000AC  Fuart1$ENCIE$0$0                   uart1
           000000AC  Fuart1$FADDRL$0$0                  uart1
           000000AC  Fusb$ENCIE$0$0                     usb
           000000AC  Fusb$FADDRL$0$0                    usb
           000000AC  Fusb_cdc_acm$ENCIE$0$0             usb_cdc_acm
           000000AC  Fusb_cdc_acm$FADDRL$0$0            usb_cdc_acm
           000000AD  Fbarney_rx$FADDRH$0$0              barney_rx
           000000AD  Fbarney_rx$STIE$0$0                barney_rx
           000000AD  Fboard$FADDRH$0$0                  board
           000000AD  Fboard$STIE$0$0                    board
           000000AD  Fdma$FADDRH$0$0                    dma
           000000AD  Fdma$STIE$0$0                      dma
           000000AD  Fradio_mac$FADDRH$0$0              radio_mac
           000000AD  Fradio_mac$STIE$0$0                radio_mac
           000000AD  Fradio_queue$FADDRH$0$0            radio_queue
           000000AD  Fradio_queue$STIE$0$0              radio_queue
           000000AD  Fradio_registers$FADDRH$0$0        radio_registers
           000000AD  Fradio_registers$STIE$0$0          radio_registers
           000000AD  Frandom$FADDRH$0$0                 random
           000000AD  Frandom$STIE$0$0                   random
           000000AD  Frandom_from_sernum$FADDRH$0$0     random_from_sernum
           000000AD  Frandom_from_sernum$STIE$0$0       random_from_sernum
           000000AD  Ftime$FADDRH$0$0                   time
           000000AD  Ftime$STIE$0$0                     time
           000000AD  Fuart1$FADDRH$0$0                  uart1
[...]

      Value  Global                              Global Defined In Module
      -----  --------------------------------   ------------------------
     0C:   000019BE  A$usb$2479                         usb
     0C:   000019BE  C$usb.c$645$1$1                    usb
     0C:   000019BE  XG$usbInitEndpointOut$0$0          usb
     0C:   000019BF  A$radio_registers$744              radio_registers
     0C:   000019BF  C$radio_registers.c$4$0$0          radio_registers
     0C:   000019BF  C$radio_registers.c$7$1$1          radio_registers
     0C:   000019BF  G$radioRegistersInit$0$0           radio_registers
     0C:   000019BF  _radioRegistersInit                radio_registers
     0C:   000019C2  A$radio_registers$745              radio_registers
     0C:   000019C4  A$radio_registers$746              radio_registers
     0C:   000019C5  A$radio_registers$749              radio_registers
     0C:   000019C5  C$radio_registers.c$12$1$1         radio_registers
     0C:   000019C8  A$radio_registers$750              radio_registers
     0C:   000019CA  A$radio_registers$751              radio_registers
     0C:   000019CB  A$radio_registers$754              radio_registers
     0C:   000019CB  C$radio_registers.c$13$1$1         radio_registers
     0C:   000019CE  A$radio_registers$755              radio_registers
     0C:   000019D0  A$radio_registers$756              radio_registers
     0C:   000019D1  A$radio_registers$759              radio_registers
     0C:   000019D1  C$radio_registers.c$14$1$1         radio_registers
     0C:   000019D4  A$radio_registers$760              radio_registers
     0C:   000019D5  A$radio_registers$761              radio_registers
     0C:   000019D6  A$radio_registers$764              radio_registers
     0C:   000019D6  C$radio_registers.c$27$1$1         radio_registers
     0C:   000019D9  A$radio_registers$765              radio_registers
     0C:   000019DB  A$radio_registers$766              radio_registers
     0C:   000019DC  A$radio_registers$769              radio_registers
     0C:   000019DC  C$radio_registers.c$28$1$1         radio_registers
     0C:   000019DF  A$radio_registers$770              radio_registers
     0C:   000019E1  A$radio_registers$771              radio_registers
     0C:   000019E2  A$radio_registers$774              radio_registers
     0C:   000019E2  C$radio_registers.c$32$1$1         radio_registers
     0C:   000019E5  A$radio_registers$775              radio_registers
     0C:   000019E7  A$radio_registers$776              radio_registers
     0C:   000019E8  A$radio_registers$779              radio_registers
     0C:   000019E8  C$radio_registers.c$33$1$1         radio_registers
     0C:   000019EB  A$radio_registers$780              radio_registers
     0C:   000019EC  A$radio_registers$781              radio_registers
     0C:   000019ED  A$radio_registers$784              radio_registers
     0C:   000019ED  C$radio_registers.c$39$1$1         radio_registers
     0C:   000019F0  A$radio_registers$785              radio_registers
     0C:   000019F2  A$radio_registers$786              radio_registers
     0C:   000019F3  A$radio_registers$787              radio_registers
     0C:   000019F6  A$radio_registers$788              radio_registers
     0C:   000019F8  A$radio_registers$789              radio_registers
     0C:   000019F9  A$radio_registers$792              radio_registers
     0C:   000019F9  C$radio_registers.c$46$1$1         radio_registers
     0C:   000019FC  A$radio_registers$793              radio_registers
     0C:   000019FE  A$radio_registers$794              radio_registers
     0C:   000019FF  A$radio_registers$797              radio_registers
     0C:   000019FF  C$radio_registers.c$51$1$1         radio_registers
ASxxxx Linker V02.00 + NoICE + sdld,  page 168.
Hexadecimal  [32-Bits]

Area                                    Addr        Size        Decimal Bytes (Attributes)
--------------------------------        ----        ----        ------- ----- ------------
CSEG                                00000528    00001D39 =        7481. bytes (REL,CON,CODE)

      Value  Global                              Global Defined In Module
      -----  --------------------------------   ------------------------
     0C:   00001A02  A$radio_registers$798              radio_registers
     0C:   00001A04  A$radio_registers$799              radio_registers
     0C:   00001A05  A$radio_registers$802              radio_registers
     0C:   00001A05  C$radio_registers.c$52$1$1         radio_registers
     0C:   00001A08  A$radio_registers$803              radio_registers
     0C:   00001A0A  A$radio_registers$804              radio_registers
     0C:   00001A0B  A$radio_registers$807              radio_registers
     0C:   00001A0B  C$radio_registers.c$56$1$1         radio_registers
     0C:   00001A0E  A$radio_registers$808              radio_registers
     0C:   00001A10  A$radio_registers$809              radio_registers
     0C:   00001A11  A$radio_registers$812              radio_registers
     0C:   00001A11  C$radio_registers.c$57$1$1         radio_registers
     0C:   00001A14  A$radio_registers$813              radio_registers
     0C:   00001A16  A$radio_registers$814              radio_registers
     0C:   00001A17  A$radio_registers$817              radio_registers
     0C:   00001A17  C$radio_registers.c$63$1$1         radio_registers
     0C:   00001A1A  A$radio_registers$818              radio_registers
     0C:   00001A1C  A$radio_registers$819              radio_registers
     0C:   00001A1D  A$radio_registers$822              radio_registers
     0C:   00001A1D  C$radio_registers.c$64$1$1         radio_registers
     0C:   00001A20  A$radio_registers$823              radio_registers
     0C:   00001A21  A$radio_registers$824              radio_registers
     0C:   00001A22  A$radio_registers$827              radio_registers
     0C:   00001A22  C$radio_registers.c$65$1$1         radio_registers
     0C:   00001A25  A$radio_registers$828              radio_registers
     0C:   00001A27  A$radio_registers$829              radio_registers
     0C:   00001A28  A$radio_registers$832              radio_registers
     0C:   00001A28  C$radio_registers.c$68$1$1         radio_registers
     0C:   00001A2B  A$radio_registers$833              radio_registers
     0C:   00001A2D  A$radio_registers$834              radio_registers
     0C:   00001A2E  A$radio_registers$837              radio_registers
     0C:   00001A2E  C$radio_registers.c$69$1$1         radio_registers
     0C:   00001A31  A$radio_registers$838              radio_registers
     0C:   00001A33  A$radio_registers$839              radio_registers
     0C:   00001A34  A$radio_registers$842              radio_registers
     0C:   00001A34  C$radio_registers.c$70$1$1         radio_registers
     0C:   00001A37  A$radio_registers$843              radio_registers
     0C:   00001A38  A$radio_registers$844              radio_registers
     0C:   00001A39  A$radio_registers$847              radio_registers
     0C:   00001A39  C$radio_registers.c$71$1$1         radio_registers
     0C:   00001A3C  A$radio_registers$848              radio_registers
     0C:   00001A3E  A$radio_registers$849              radio_registers
     0C:   00001A3F  A$radio_registers$852              radio_registers
     0C:   00001A3F  C$radio_registers.c$75$1$1         radio_registers
     0C:   00001A42  A$radio_registers$853              radio_registers
     0C:   00001A44  A$radio_registers$854              radio_registers
     0C:   00001A45  A$radio_registers$857              radio_registers
     0C:   00001A45  C$radio_registers.c$76$1$1         radio_registers
     0C:   00001A48  A$radio_registers$858              radio_registers
     0C:   00001A4A  A$radio_registers$859              radio_registers
     0C:   00001A4B  A$radio_registers$862              radio_registers
ASxxxx Linker V02.00 + NoICE + sdld,  page 169.
Hexadecimal  [32-Bits]

Area                                    Addr        Size        Decimal Bytes (Attributes)
--------------------------------        ----        ----        ------- ----- ------------
CSEG                                00000528    00001D39 =        7481. bytes (REL,CON,CODE)

      Value  Global                              Global Defined In Module
      -----  --------------------------------   ------------------------
     0C:   00001A4B  C$radio_registers.c$77$1$1         radio_registers
     0C:   00001A4E  A$radio_registers$863              radio_registers
     0C:   00001A50  A$radio_registers$864              radio_registers
     0C:   00001A51  A$radio_registers$867              radio_registers
     0C:   00001A51  C$radio_registers.c$80$1$1         radio_registers
     0C:   00001A54  A$radio_registers$868              radio_registers
     0C:   00001A56  A$radio_registers$869              radio_registers
     0C:   00001A57  A$radio_registers$872              radio_registers
     0C:   00001A57  C$radio_registers.c$81$1$1         radio_registers
     0C:   00001A5A  A$radio_registers$873              radio_registers
     0C:   00001A5C  A$radio_registers$874              radio_registers
     0C:   00001A5D  A$radio_registers$877              radio_registers
     0C:   00001A5D  C$radio_registers.c$82$1$1         radio_registers
     0C:   00001A5D  XG$radioRegistersInit$0$0          radio_registers
     0C:   00001A5E  A$radio_registers$890              radio_registers
     0C:   00001A5E  C$radio_registers.c$84$1$1         radio_registers
     0C:   00001A5E  C$radio_registers.c$86$1$1         radio_registers
     0C:   00001A5E  G$radioCrcPassed$0$0               radio_registers
     0C:   00001A5E  _radioCrcPassed                    radio_registers
     0C:   00001A61  A$radio_registers$891              radio_registers
     0C:   00001A62  A$radio_registers$892              radio_registers
     0C:   00001A63  A$radio_registers$893              radio_registers
     0C:   00001A65  A$radio_registers$894              radio_registers
     0C:   00001A67  A$radio_registers$897              radio_registers
     0C:   00001A67  C$radio_registers.c$87$1$1         radio_registers
     0C:   00001A67  XG$radioCrcPassed$0$0              radio_registers
     0C:   00001A68  A$radio_registers$910              radio_registers
     0C:   00001A68  C$radio_registers.c$89$1$1         radio_registers
     0C:   00001A68  C$radio_registers.c$91$1$1         radio_registers
     0C:   00001A68  G$radioLqi$0$0                     radio_registers
     0C:   00001A68  _radioLqi                          radio_registers
     0C:   00001A6B  A$radio_registers$911              radio_registers
     0C:   00001A6C  A$radio_registers$912              radio_registers
     0C:   00001A6D  A$radio_registers$913              radio_registers
     0C:   00001A6F  A$radio_registers$914              radio_registers
     0C:   00001A70  A$radio_registers$915              radio_registers
     0C:   00001A72  A$radio_registers$918              radio_registers
     0C:   00001A72  C$radio_registers.c$92$1$1         radio_registers
     0C:   00001A72  XG$radioLqi$0$0                    radio_registers
     0C:   00001A73  A$radio_registers$931              radio_registers
     0C:   00001A73  C$radio_registers.c$94$1$1         radio_registers
     0C:   00001A73  C$radio_registers.c$96$1$1         radio_registers
     0C:   00001A73  G$radioRssi$0$0                    radio_registers
     0C:   00001A73  _radioRssi                         radio_registers
     0C:   00001A76  A$radio_registers$932              radio_registers
     0C:   00001A77  A$radio_registers$933              radio_registers
     0C:   00001A78  A$radio_registers$934              radio_registers
     0C:   00001A7A  A$radio_registers$935              radio_registers
     0C:   00001A7D  A$radio_registers$936              radio_registers
     0C:   00001A7E  A$radio_registers$937              radio_registers
     0C:   00001A81  A$radio_registers$938              radio_registers
ASxxxx Linker V02.00 + NoICE + sdld,  page 170.
Hexadecimal  [32-Bits]

Area                                    Addr        Size        Decimal Bytes (Attributes)
--------------------------------        ----        ----        ------- ----- ------------
CSEG                                00000528    00001D39 =        7481. bytes (REL,CON,CODE)

      Value  Global                              Global Defined In Module
      -----  --------------------------------   ------------------------
     0C:   00001A83  A$radio_registers$939              radio_registers
     0C:   00001A84  A$radio_registers$940              radio_registers
     0C:   00001A85  A$radio_registers$942              radio_registers
     0C:   00001A86  A$radio_registers$943              radio_registers
     0C:   00001A89  A$radio_registers$944              radio_registers
     0C:   00001A8A  A$radio_registers$945              radio_registers
     0C:   00001A8B  A$radio_registers$947              radio_registers
     0C:   00001A8D  A$radio_registers$948              radio_registers
     0C:   00001A8F  A$radio_registers$951              radio_registers
     0C:   00001A8F  C$radio_registers.c$97$1$1         radio_registers
     0C:   00001A8F  XG$radioRssi$0$0                   radio_registers
     0C:   00001A9B  _vprintf                           vprintf
     0C:   00001ABF  _printf                            vprintf
     0C:   00001BAF  __print_format                     printf_large
     0C:   000021FE  _strlen                            _strlen
     0C:   00002216  __gptrget                          _gptrget
     0C:   00002232  A$random_from_sernum$742           random_from_sernum
     0C:   00002232  C$random_from_sernum.c$17$1$1      random_from_sernum
     0C:   00002232  C$random_from_sernum.c$9$0$0       random_from_sernum
     0C:   00002232  G$randomSeedFromSerialNumber$0$0   random_from_sernum
     0C:   00002232  _randomSeedFromSerialNumber        random_from_sernum
     0C:   00002235  A$random_from_sernum$743           random_from_sernum
     0C:   00002236  A$random_from_sernum$744           random_from_sernum
     0C:   00002237  A$random_from_sernum$745           random_from_sernum
     0C:   00002238  A$random_from_sernum$746           random_from_sernum
     0C:   0000223B  A$random_from_sernum$747           random_from_sernum
     0C:   0000223C  A$random_from_sernum$748           random_from_sernum
     0C:   0000223D  A$random_from_sernum$749           random_from_sernum
     0C:   0000223F  A$random_from_sernum$750           random_from_sernum
     0C:   00002240  A$random_from_sernum$751           random_from_sernum
     0C:   00002242  A$random_from_sernum$752           random_from_sernum
     0C:   00002245  A$random_from_sernum$755           random_from_sernum
     0C:   00002245  C$random_from_sernum.c$18$1$1      random_from_sernum
     0C:   00002245  XG$randomSeedFromSerialNumber$0$   random_from_sernum
     0C:   00002246  __sdcc_external_startup            _startup
     0C:   00002259  _delayMicroseconds                 delay

ASxxxx Linker V02.00 + NoICE + sdld,  page 171.
Hexadecimal  [32-Bits]

Area                                    Addr        Size        Decimal Bytes (Attributes)
--------------------------------        ----        ----        ------- ----- ------------
CONST                               00002261    000000D0 =         208. bytes (REL,CON,CODE)

      Value  Global                              Global Defined In Module
      -----  --------------------------------   ------------------------
     0C:   00002261  Fbarney_rx$_str_0$0$0              barney_rx
     0C:   00002289  Fbarney_rx$_str_1$0$0              barney_rx
     0C:   0000228E  G$param_radio_channel$0$0          radio_queue
     0C:   0000228E  _param_radio_channel               radio_queue
     0C:   00002292  G$usbDeviceDescriptor$0$0          usb_cdc_acm
     0C:   00002292  _usbDeviceDescriptor               usb_cdc_acm
     0C:   000022A4  G$usbConfigurationDescriptor$0$0   usb_cdc_acm
     0C:   000022A4  _usbConfigurationDescriptor        usb_cdc_acm
     0C:   000022E7  G$usbStringDescriptorCount$0$0     usb_cdc_acm
     0C:   000022E7  _usbStringDescriptorCount          usb_cdc_acm
     0C:   000022E8  Fusb_cdc_acm$languages$0$0         usb_cdc_acm
     0C:   000022EC  Fusb_cdc_acm$manufacturer$0$0      usb_cdc_acm
     0C:   00002312  Fusb_cdc_acm$product$0$0           usb_cdc_acm
     0C:   0000231E  G$usbStringDescriptors$0$0         usb_cdc_acm
     0C:   0000231E  _usbStringDescriptors              usb_cdc_acm
ASxxxx Linker V02.00 + NoICE + sdld,  page 172.
Hexadecimal  [32-Bits]

Area                                    Addr        Size        Decimal Bytes (Attributes)
--------------------------------        ----        ----        ------- ----- ------------
XINIT                               00002331    00000009 =           9. bytes (REL,CON,CODE)

      Value  Global                              Global Defined In Module
      -----  --------------------------------   ------------------------
     0C:   00002331  Fusb_cdc_acm$__xinit_usbComLineC   usb_cdc_acm
     0C:   00002338  Fusb$__xinit_usbDeviceState$0$0    usb
     0C:   00002339  Fusb$__xinit_controlTransferStat   usb
ASxxxx Linker V02.00 + NoICE + sdld,  page 173.

Files Linked                              [ module(s) ]

libraries/xpage/xpage.rel                 [  ]
apps/bambam_remote_rx/barney_rx.rel       [  ]


Libraries Linked                          [ object file ]

libraries/lib/uart.lib                    [ uart1 ]
libraries/lib/radio_mac.lib               [ radio_mac ]
C:\Program Files\SDCC\bin\..\lib\medium/liblong.lib
                                          [ _divulong.rel ]
libraries/lib/radio_queue.lib             [ radio_queue ]
C:\Program Files\SDCC\bin\..\lib\medium/mcs51.lib
                                          [ crtclear.rel ]
libraries/lib/random.lib                  [ random ]
C:\Program Files\SDCC\bin\..\lib\medium/mcs51.lib
                                          [ crtxinit.rel ]
libraries/lib/wixel.lib                   [ board ]
libraries/lib/usb_cdc_acm.lib             [ usb_cdc_acm ]
C:\Program Files\SDCC\bin\..\lib\medium/liblong.lib
                                          [ _mullong.rel ]
libraries/lib/wixel.lib                   [ fixed ]
libraries/lib/wixel.lib                   [ time ]
C:\Program Files\SDCC\bin\..\lib\medium/mcs51.lib
                                          [ crtxclear.rel ]
libraries/lib/dma.lib                     [ dma ]
libraries/lib/usb.lib                     [ usb ]
libraries/lib/radio_registers.lib         [ radio_registers ]
C:\Program Files\SDCC\bin\..\lib\medium/mcs51.lib
                                          [ crtcall.rel ]
C:\Program Files\SDCC\bin\..\lib\medium/libsdcc.lib
                                          [ vprintf.rel ]
C:\Program Files\SDCC\bin\..\lib\medium/libsdcc.lib
                                          [ printf_large.rel ]
C:\Program Files\SDCC\bin\..\lib\medium/libsdcc.lib
                                          [ _strlen.rel ]
C:\Program Files\SDCC\bin\..\lib\medium/mcs51.lib
                                          [ crtstart.rel ]
C:\Program Files\SDCC\bin\..\lib\medium/libsdcc.lib
                                          [ _gptrget.rel ]
libraries/lib/random.lib                  [ random_from_sernum ]
C:\Program Files\SDCC\bin\..\lib\medium/libsdcc.lib
                                          [ _startup.rel ]
libraries/lib/wixel.lib                   [ delay ]
C:\Program Files\SDCC\bin\..\lib\medium/libsdcc.lib
                                          [ _bp.rel ]

ASxxxx Linker V02.00 + NoICE + sdld,  page 174.

User Base Address Definitions

HOME = 0x0400
XSEG = 0xf000
PSEG = 0xf000
ISEG = 0x0000
BSEG = 0x0000

