ASxxxx Linker V02.00 + NoICE + sdld,  page 1.
Hexadecimal  [32-Bits]

Area                                    Addr        Size        Decimal Bytes (Attributes)
--------------------------------        ----        ----        ------- ----- ------------
CABS                                00000000    00000000 =           0. bytes (ABS,CON,CODE)

      Value  Global                              Global Defined In Module
      -----  --------------------------------   ------------------------
     0C:   00000000  l_CABS                          
     0C:   00000000  l_GSINIT1                       
     0C:   00000000  l_GSINIT5                       
     0C:   00000000  l_IABS                          
     0C:   00000000  l_ISEG                          
     0C:   00000000  l_OSEG                          
     0C:   00000000  l_REG_BANK_1                    
     0C:   00000000  l_REG_BANK_2                    
     0C:   00000000  l_REG_BANK_3                    
     0C:   00000000  l_RSEG                          
     0C:   00000000  l_RSEG0                         
     0C:   00000000  l_RSEG1                         
     0C:   00000000  l_XABS                          
     0C:   00000000  l__CODE                         
     0C:   00000000  s_BSEG                          
     0C:   00000000  s_CABS                          
     0C:   00000000  s_DSEG                          
     0C:   00000000  s_IABS                          
     0C:   00000000  s_ISEG                          
     0C:   00000000  s_REG_BANK_0                    
     0C:   00000000  s_RSEG                          
     0C:   00000000  s_RSEG0                         
     0C:   00000000  s_RSEG1                         
     0C:   00000000  s_XABS                          
     0C:   00000001  l_BIT_BANK                      
     0C:   00000002  l_BSEG_BYTES                    
     0C:   00000003  l_GSFINAL                       
     0C:   00000003  l_GSINIT0                       
     0C:   00000008  l_REG_BANK_0                    
     0C:   00000008  s_REG_BANK_1                    
     0C:   00000009  l_XINIT                         
     0C:   00000009  l_XISEG                         
     0C:   0000000A  l_GSINIT2                       
     0C:   0000000D  l_BSEG                          
     0C:   00000010  s_REG_BANK_2                    
     0C:   00000018  s_REG_BANK_3                    
     0C:   00000020  s_BSEG_BYTES                    
     0C:   00000020  s__CODE                         
     0C:   00000022  l_GSINIT3                       
     0C:   00000022  l_PSEG                          
     0C:   00000022  s_BIT_BANK                      
     0C:   00000022  s_OSEG                          
     0C:   00000023  s_SSEG                          
     0C:   0000002A  l_GSINIT4                       
     0C:   00000047  l_GSINIT                        
     0C:   00000072  l_DSEG                          
     0C:   0000008D  l_HOME                          
     0C:   000000A0  l_CONST                         
     0C:   000000DD  l_SSEG                          
     0C:   00000100  l_IRAM                          
ASxxxx Linker V02.00 + NoICE + sdld,  page 2.
Hexadecimal  [32-Bits]

Area                                    Addr        Size        Decimal Bytes (Attributes)
--------------------------------        ----        ----        ------- ----- ------------
CABS                                00000000    00000000 =           0. bytes (ABS,CON,CODE)

      Value  Global                              Global Defined In Module
      -----  --------------------------------   ------------------------
     0C:   000001AF  l_XSEG                          
     0C:   00000400  s_HOME                          
     0C:   0000048D  s_GSINIT0                       
     0C:   00000490  s_GSINIT1                       
     0C:   00000490  s_GSINIT2                       
     0C:   0000049A  s_GSINIT3                       
     0C:   000004BC  s_GSINIT4                       
     0C:   000004E6  s_GSINIT                        
     0C:   000004E6  s_GSINIT5                       
     0C:   0000052D  s_GSFINAL                       
     0C:   00000530  s_CSEG                          
     0C:   0000119B  l_CSEG                          
     0C:   000016CB  s_CONST                         
     0C:   0000176B  s_XINIT                         
     0C:   0000F000  s_PSEG                          
     0C:   0000F000  s_XSEG                          
     0C:   0000F1D1  s_XISEG                         

ASxxxx Linker V02.00 + NoICE + sdld,  page 3.
Hexadecimal  [32-Bits]

Area                                    Addr        Size        Decimal Bytes (Attributes)
--------------------------------        ----        ----        ------- ----- ------------
.	.ABS.                             00000000    00000000 =           0. bytes (ABS,CON)

      Value  Global                              Global Defined In Module
      -----  --------------------------------   ------------------------
           00000000  .__.ABS.                           delay
           00000080  Fadc$P0$0$0                        adc
           00000080  Fadc$P0_0$0$0                      adc
           00000080  Fbambam_remote_tx$P0$0$0           bambam_remote_tx
           00000080  Fbambam_remote_tx$P0_0$0$0         bambam_remote_tx
           00000080  Fboard$P0$0$0                      board
           00000080  Fboard$P0_0$0$0                    board
           00000080  Fdma$P0$0$0                        dma
           00000080  Fdma$P0_0$0$0                      dma
           00000080  Fgreen_led$P0$0$0                  green_led
           00000080  Fgreen_led$P0_0$0$0                green_led
           00000080  Fradio_mac$P0$0$0                  radio_mac
           00000080  Fradio_mac$P0_0$0$0                radio_mac
           00000080  Fradio_queue$P0$0$0                radio_queue
           00000080  Fradio_queue$P0_0$0$0              radio_queue
           00000080  Fradio_registers$P0$0$0            radio_registers
           00000080  Fradio_registers$P0_0$0$0          radio_registers
           00000080  Frandom$P0$0$0                     random
           00000080  Frandom$P0_0$0$0                   random
           00000080  Frandom_from_sernum$P0$0$0         random_from_sernum
           00000080  Frandom_from_sernum$P0_0$0$0       random_from_sernum
           00000080  Ftime$P0$0$0                       time
           00000080  Ftime$P0_0$0$0                     time
           00000080  Fusb$P0$0$0                        usb
           00000080  Fusb$P0_0$0$0                      usb
           00000080  Fusb_cdc_acm$P0$0$0                usb_cdc_acm
           00000080  Fusb_cdc_acm$P0_0$0$0              usb_cdc_acm
           00000081  Fadc$P0_1$0$0                      adc
           00000081  Fadc$SP$0$0                        adc
           00000081  Fbambam_remote_tx$P0_1$0$0         bambam_remote_tx
           00000081  Fbambam_remote_tx$SP$0$0           bambam_remote_tx
           00000081  Fboard$P0_1$0$0                    board
           00000081  Fboard$SP$0$0                      board
           00000081  Fdma$P0_1$0$0                      dma
           00000081  Fdma$SP$0$0                        dma
           00000081  Fgreen_led$P0_1$0$0                green_led
           00000081  Fgreen_led$SP$0$0                  green_led
           00000081  Fradio_mac$P0_1$0$0                radio_mac
           00000081  Fradio_mac$SP$0$0                  radio_mac
           00000081  Fradio_queue$P0_1$0$0              radio_queue
           00000081  Fradio_queue$SP$0$0                radio_queue
           00000081  Fradio_registers$P0_1$0$0          radio_registers
           00000081  Fradio_registers$SP$0$0            radio_registers
           00000081  Frandom$P0_1$0$0                   random
           00000081  Frandom$SP$0$0                     random
           00000081  Frandom_from_sernum$P0_1$0$0       random_from_sernum
           00000081  Frandom_from_sernum$SP$0$0         random_from_sernum
           00000081  Ftime$P0_1$0$0                     time
           00000081  Ftime$SP$0$0                       time
           00000081  Fusb$P0_1$0$0                      usb
ASxxxx Linker V02.00 + NoICE + sdld,  page 4.
Hexadecimal  [32-Bits]

Area                                    Addr        Size        Decimal Bytes (Attributes)
--------------------------------        ----        ----        ------- ----- ------------
.	.ABS.                             00000000    00000000 =           0. bytes (ABS,CON)

      Value  Global                              Global Defined In Module
      -----  --------------------------------   ------------------------
           00000081  Fusb$SP$0$0                        usb
           00000081  Fusb_cdc_acm$P0_1$0$0              usb_cdc_acm
           00000081  Fusb_cdc_acm$SP$0$0                usb_cdc_acm
           00000082  Fadc$DPL0$0$0                      adc
           00000082  Fadc$P0_2$0$0                      adc
           00000082  Fbambam_remote_tx$DPL0$0$0         bambam_remote_tx
           00000082  Fbambam_remote_tx$P0_2$0$0         bambam_remote_tx
           00000082  Fboard$DPL0$0$0                    board
           00000082  Fboard$P0_2$0$0                    board
           00000082  Fdma$DPL0$0$0                      dma
           00000082  Fdma$P0_2$0$0                      dma
           00000082  Fgreen_led$DPL0$0$0                green_led
           00000082  Fgreen_led$P0_2$0$0                green_led
           00000082  Fradio_mac$DPL0$0$0                radio_mac
           00000082  Fradio_mac$P0_2$0$0                radio_mac
           00000082  Fradio_queue$DPL0$0$0              radio_queue
           00000082  Fradio_queue$P0_2$0$0              radio_queue
           00000082  Fradio_registers$DPL0$0$0          radio_registers
           00000082  Fradio_registers$P0_2$0$0          radio_registers
           00000082  Frandom$DPL0$0$0                   random
           00000082  Frandom$P0_2$0$0                   random
           00000082  Frandom_from_sernum$DPL0$0$0       random_from_sernum
           00000082  Frandom_from_sernum$P0_2$0$0       random_from_sernum
           00000082  Ftime$DPL0$0$0                     time
           00000082  Ftime$P0_2$0$0                     time
           00000082  Fusb$DPL0$0$0                      usb
           00000082  Fusb$P0_2$0$0                      usb
           00000082  Fusb_cdc_acm$DPL0$0$0              usb_cdc_acm
           00000082  Fusb_cdc_acm$P0_2$0$0              usb_cdc_acm
           00000083  Fadc$DPH0$0$0                      adc
           00000083  Fadc$P0_3$0$0                      adc
           00000083  Fbambam_remote_tx$DPH0$0$0         bambam_remote_tx
           00000083  Fbambam_remote_tx$P0_3$0$0         bambam_remote_tx
           00000083  Fboard$DPH0$0$0                    board
           00000083  Fboard$P0_3$0$0                    board
           00000083  Fdma$DPH0$0$0                      dma
           00000083  Fdma$P0_3$0$0                      dma
           00000083  Fgreen_led$DPH0$0$0                green_led
           00000083  Fgreen_led$P0_3$0$0                green_led
           00000083  Fradio_mac$DPH0$0$0                radio_mac
           00000083  Fradio_mac$P0_3$0$0                radio_mac
           00000083  Fradio_queue$DPH0$0$0              radio_queue
           00000083  Fradio_queue$P0_3$0$0              radio_queue
           00000083  Fradio_registers$DPH0$0$0          radio_registers
           00000083  Fradio_registers$P0_3$0$0          radio_registers
           00000083  Frandom$DPH0$0$0                   random
           00000083  Frandom$P0_3$0$0                   random
           00000083  Frandom_from_sernum$DPH0$0$0       random_from_sernum
           00000083  Frandom_from_sernum$P0_3$0$0       random_from_sernum
           00000083  Ftime$DPH0$0$0                     time
           00000083  Ftime$P0_3$0$0                     time
ASxxxx Linker V02.00 + NoICE + sdld,  page 5.
Hexadecimal  [32-Bits]

Area                                    Addr        Size        Decimal Bytes (Attributes)
--------------------------------        ----        ----        ------- ----- ------------
.	.ABS.                             00000000    00000000 =           0. bytes (ABS,CON)

      Value  Global                              Global Defined In Module
      -----  --------------------------------   ------------------------
           00000083  Fusb$DPH0$0$0                      usb
           00000083  Fusb$P0_3$0$0                      usb
           00000083  Fusb_cdc_acm$DPH0$0$0              usb_cdc_acm
           00000083  Fusb_cdc_acm$P0_3$0$0              usb_cdc_acm
           00000084  Fadc$DPL1$0$0                      adc
           00000084  Fadc$P0_4$0$0                      adc
           00000084  Fbambam_remote_tx$DPL1$0$0         bambam_remote_tx
           00000084  Fbambam_remote_tx$P0_4$0$0         bambam_remote_tx
           00000084  Fboard$DPL1$0$0                    board
           00000084  Fboard$P0_4$0$0                    board
           00000084  Fdma$DPL1$0$0                      dma
           00000084  Fdma$P0_4$0$0                      dma
           00000084  Fgreen_led$DPL1$0$0                green_led
           00000084  Fgreen_led$P0_4$0$0                green_led
           00000084  Fradio_mac$DPL1$0$0                radio_mac
           00000084  Fradio_mac$P0_4$0$0                radio_mac
           00000084  Fradio_queue$DPL1$0$0              radio_queue
           00000084  Fradio_queue$P0_4$0$0              radio_queue
           00000084  Fradio_registers$DPL1$0$0          radio_registers
           00000084  Fradio_registers$P0_4$0$0          radio_registers
           00000084  Frandom$DPL1$0$0                   random
           00000084  Frandom$P0_4$0$0                   random
           00000084  Frandom_from_sernum$DPL1$0$0       random_from_sernum
           00000084  Frandom_from_sernum$P0_4$0$0       random_from_sernum
           00000084  Ftime$DPL1$0$0                     time
           00000084  Ftime$P0_4$0$0                     time
           00000084  Fusb$DPL1$0$0                      usb
           00000084  Fusb$P0_4$0$0                      usb
           00000084  Fusb_cdc_acm$DPL1$0$0              usb_cdc_acm
           00000084  Fusb_cdc_acm$P0_4$0$0              usb_cdc_acm
           00000085  Fadc$DPH1$0$0                      adc
           00000085  Fadc$P0_5$0$0                      adc
           00000085  Fbambam_remote_tx$DPH1$0$0         bambam_remote_tx
           00000085  Fbambam_remote_tx$P0_5$0$0         bambam_remote_tx
           00000085  Fboard$DPH1$0$0                    board
           00000085  Fboard$P0_5$0$0                    board
           00000085  Fdma$DPH1$0$0                      dma
           00000085  Fdma$P0_5$0$0                      dma
           00000085  Fgreen_led$DPH1$0$0                green_led
           00000085  Fgreen_led$P0_5$0$0                green_led
           00000085  Fradio_mac$DPH1$0$0                radio_mac
           00000085  Fradio_mac$P0_5$0$0                radio_mac
           00000085  Fradio_queue$DPH1$0$0              radio_queue
           00000085  Fradio_queue$P0_5$0$0              radio_queue
           00000085  Fradio_registers$DPH1$0$0          radio_registers
           00000085  Fradio_registers$P0_5$0$0          radio_registers
           00000085  Frandom$DPH1$0$0                   random
           00000085  Frandom$P0_5$0$0                   random
           00000085  Frandom_from_sernum$DPH1$0$0       random_from_sernum
           00000085  Frandom_from_sernum$P0_5$0$0       random_from_sernum
           00000085  Ftime$DPH1$0$0                     time
ASxxxx Linker V02.00 + NoICE + sdld,  page 6.
Hexadecimal  [32-Bits]

Area                                    Addr        Size        Decimal Bytes (Attributes)
--------------------------------        ----        ----        ------- ----- ------------
.	.ABS.                             00000000    00000000 =           0. bytes (ABS,CON)

      Value  Global                              Global Defined In Module
      -----  --------------------------------   ------------------------
           00000085  Ftime$P0_5$0$0                     time
           00000085  Fusb$DPH1$0$0                      usb
           00000085  Fusb$P0_5$0$0                      usb
           00000085  Fusb_cdc_acm$DPH1$0$0              usb_cdc_acm
           00000085  Fusb_cdc_acm$P0_5$0$0              usb_cdc_acm
           00000086  Fadc$P0_6$0$0                      adc
           00000086  Fadc$U0CSR$0$0                     adc
           00000086  Fbambam_remote_tx$P0_6$0$0         bambam_remote_tx
           00000086  Fbambam_remote_tx$U0CSR$0$0        bambam_remote_tx
           00000086  Fboard$P0_6$0$0                    board
           00000086  Fboard$U0CSR$0$0                   board
           00000086  Fdma$P0_6$0$0                      dma
           00000086  Fdma$U0CSR$0$0                     dma
           00000086  Fgreen_led$P0_6$0$0                green_led
           00000086  Fgreen_led$U0CSR$0$0               green_led
           00000086  Fradio_mac$P0_6$0$0                radio_mac
           00000086  Fradio_mac$U0CSR$0$0               radio_mac
           00000086  Fradio_queue$P0_6$0$0              radio_queue
           00000086  Fradio_queue$U0CSR$0$0             radio_queue
           00000086  Fradio_registers$P0_6$0$0          radio_registers
           00000086  Fradio_registers$U0CSR$0$0         radio_registers
           00000086  Frandom$P0_6$0$0                   random
           00000086  Frandom$U0CSR$0$0                  random
           00000086  Frandom_from_sernum$P0_6$0$0       random_from_sernum
           00000086  Frandom_from_sernum$U0CSR$0$0      random_from_sernum
           00000086  Ftime$P0_6$0$0                     time
           00000086  Ftime$U0CSR$0$0                    time
           00000086  Fusb$P0_6$0$0                      usb
           00000086  Fusb$U0CSR$0$0                     usb
           00000086  Fusb_cdc_acm$P0_6$0$0              usb_cdc_acm
           00000086  Fusb_cdc_acm$U0CSR$0$0             usb_cdc_acm
           00000087  Fadc$P0_7$0$0                      adc
           00000087  Fadc$PCON$0$0                      adc
           00000087  Fbambam_remote_tx$P0_7$0$0         bambam_remote_tx
           00000087  Fbambam_remote_tx$PCON$0$0         bambam_remote_tx
           00000087  Fboard$P0_7$0$0                    board
           00000087  Fboard$PCON$0$0                    board
           00000087  Fdma$P0_7$0$0                      dma
           00000087  Fdma$PCON$0$0                      dma
           00000087  Fgreen_led$P0_7$0$0                green_led
           00000087  Fgreen_led$PCON$0$0                green_led
           00000087  Fradio_mac$P0_7$0$0                radio_mac
           00000087  Fradio_mac$PCON$0$0                radio_mac
           00000087  Fradio_queue$P0_7$0$0              radio_queue
           00000087  Fradio_queue$PCON$0$0              radio_queue
           00000087  Fradio_registers$P0_7$0$0          radio_registers
           00000087  Fradio_registers$PCON$0$0          radio_registers
           00000087  Frandom$P0_7$0$0                   random
           00000087  Frandom$PCON$0$0                   random
           00000087  Frandom_from_sernum$P0_7$0$0       random_from_sernum
           00000087  Frandom_from_sernum$PCON$0$0       random_from_sernum
ASxxxx Linker V02.00 + NoICE + sdld,  page 7.
Hexadecimal  [32-Bits]

Area                                    Addr        Size        Decimal Bytes (Attributes)
--------------------------------        ----        ----        ------- ----- ------------
.	.ABS.                             00000000    00000000 =           0. bytes (ABS,CON)

      Value  Global                              Global Defined In Module
      -----  --------------------------------   ------------------------
           00000087  Ftime$P0_7$0$0                     time
           00000087  Ftime$PCON$0$0                     time
           00000087  Fusb$P0_7$0$0                      usb
           00000087  Fusb$PCON$0$0                      usb
           00000087  Fusb_cdc_acm$P0_7$0$0              usb_cdc_acm
           00000087  Fusb_cdc_acm$PCON$0$0              usb_cdc_acm
           00000088  Fadc$TCON$0$0                      adc
           00000088  Fadc$_TCON_0$0$0                   adc
           00000088  Fbambam_remote_tx$TCON$0$0         bambam_remote_tx
           00000088  Fbambam_remote_tx$_TCON_0$0$0      bambam_remote_tx
           00000088  Fboard$TCON$0$0                    board
           00000088  Fboard$_TCON_0$0$0                 board
           00000088  Fdma$TCON$0$0                      dma
           00000088  Fdma$_TCON_0$0$0                   dma
           00000088  Fgreen_led$TCON$0$0                green_led
           00000088  Fgreen_led$_TCON_0$0$0             green_led
           00000088  Fradio_mac$TCON$0$0                radio_mac
           00000088  Fradio_mac$_TCON_0$0$0             radio_mac
           00000088  Fradio_queue$TCON$0$0              radio_queue
           00000088  Fradio_queue$_TCON_0$0$0           radio_queue
           00000088  Fradio_registers$TCON$0$0          radio_registers
           00000088  Fradio_registers$_TCON_0$0$0       radio_registers
           00000088  Frandom$TCON$0$0                   random
           00000088  Frandom$_TCON_0$0$0                random
           00000088  Frandom_from_sernum$TCON$0$0       random_from_sernum
           00000088  Frandom_from_sernum$_TCON_0$0$0    random_from_sernum
           00000088  Ftime$TCON$0$0                     time
           00000088  Ftime$_TCON_0$0$0                  time
           00000088  Fusb$TCON$0$0                      usb
           00000088  Fusb$_TCON_0$0$0                   usb
           00000088  Fusb_cdc_acm$TCON$0$0              usb_cdc_acm
           00000088  Fusb_cdc_acm$_TCON_0$0$0           usb_cdc_acm
           00000089  Fadc$P0IFG$0$0                     adc
           00000089  Fadc$RFTXRXIF$0$0                  adc
           00000089  Fbambam_remote_tx$P0IFG$0$0        bambam_remote_tx
           00000089  Fbambam_remote_tx$RFTXRXIF$0$0     bambam_remote_tx
           00000089  Fboard$P0IFG$0$0                   board
           00000089  Fboard$RFTXRXIF$0$0                board
           00000089  Fdma$P0IFG$0$0                     dma
           00000089  Fdma$RFTXRXIF$0$0                  dma
           00000089  Fgreen_led$P0IFG$0$0               green_led
           00000089  Fgreen_led$RFTXRXIF$0$0            green_led
           00000089  Fradio_mac$P0IFG$0$0               radio_mac
           00000089  Fradio_mac$RFTXRXIF$0$0            radio_mac
           00000089  Fradio_queue$P0IFG$0$0             radio_queue
           00000089  Fradio_queue$RFTXRXIF$0$0          radio_queue
           00000089  Fradio_registers$P0IFG$0$0         radio_registers
           00000089  Fradio_registers$RFTXRXIF$0$0      radio_registers
           00000089  Frandom$P0IFG$0$0                  random
           00000089  Frandom$RFTXRXIF$0$0               random
           00000089  Frandom_from_sernum$P0IFG$0$0      random_from_sernum
ASxxxx Linker V02.00 + NoICE + sdld,  page 8.
Hexadecimal  [32-Bits]

Area                                    Addr        Size        Decimal Bytes (Attributes)
--------------------------------        ----        ----        ------- ----- ------------
.	.ABS.                             00000000    00000000 =           0. bytes (ABS,CON)

      Value  Global                              Global Defined In Module
      -----  --------------------------------   ------------------------
           00000089  Frandom_from_sernum$RFTXRXIF$0$0   random_from_sernum
           00000089  Ftime$P0IFG$0$0                    time
           00000089  Ftime$RFTXRXIF$0$0                 time
           00000089  Fusb$P0IFG$0$0                     usb
           00000089  Fusb$RFTXRXIF$0$0                  usb
           00000089  Fusb_cdc_acm$P0IFG$0$0             usb_cdc_acm
           00000089  Fusb_cdc_acm$RFTXRXIF$0$0          usb_cdc_acm
           0000008A  Fadc$P1IFG$0$0                     adc
           0000008A  Fadc$_TCON_2$0$0                   adc
           0000008A  Fbambam_remote_tx$P1IFG$0$0        bambam_remote_tx
           0000008A  Fbambam_remote_tx$_TCON_2$0$0      bambam_remote_tx
           0000008A  Fboard$P1IFG$0$0                   board
           0000008A  Fboard$_TCON_2$0$0                 board
           0000008A  Fdma$P1IFG$0$0                     dma
           0000008A  Fdma$_TCON_2$0$0                   dma
           0000008A  Fgreen_led$P1IFG$0$0               green_led
           0000008A  Fgreen_led$_TCON_2$0$0             green_led
           0000008A  Fradio_mac$P1IFG$0$0               radio_mac
           0000008A  Fradio_mac$_TCON_2$0$0             radio_mac
           0000008A  Fradio_queue$P1IFG$0$0             radio_queue
           0000008A  Fradio_queue$_TCON_2$0$0           radio_queue
           0000008A  Fradio_registers$P1IFG$0$0         radio_registers
           0000008A  Fradio_registers$_TCON_2$0$0       radio_registers
           0000008A  Frandom$P1IFG$0$0                  random
           0000008A  Frandom$_TCON_2$0$0                random
           0000008A  Frandom_from_sernum$P1IFG$0$0      random_from_sernum
           0000008A  Frandom_from_sernum$_TCON_2$0$0    random_from_sernum
           0000008A  Ftime$P1IFG$0$0                    time
           0000008A  Ftime$_TCON_2$0$0                  time
           0000008A  Fusb$P1IFG$0$0                     usb
           0000008A  Fusb$_TCON_2$0$0                   usb
           0000008A  Fusb_cdc_acm$P1IFG$0$0             usb_cdc_acm
           0000008A  Fusb_cdc_acm$_TCON_2$0$0           usb_cdc_acm
           0000008B  Fadc$P2IFG$0$0                     adc
           0000008B  Fadc$URX0IF$0$0                    adc
           0000008B  Fbambam_remote_tx$P2IFG$0$0        bambam_remote_tx
           0000008B  Fbambam_remote_tx$URX0IF$0$0       bambam_remote_tx
           0000008B  Fboard$P2IFG$0$0                   board
           0000008B  Fboard$URX0IF$0$0                  board
           0000008B  Fdma$P2IFG$0$0                     dma
           0000008B  Fdma$URX0IF$0$0                    dma
           0000008B  Fgreen_led$P2IFG$0$0               green_led
           0000008B  Fgreen_led$URX0IF$0$0              green_led
           0000008B  Fradio_mac$P2IFG$0$0               radio_mac
           0000008B  Fradio_mac$URX0IF$0$0              radio_mac
           0000008B  Fradio_queue$P2IFG$0$0             radio_queue
           0000008B  Fradio_queue$URX0IF$0$0            radio_queue
           0000008B  Fradio_registers$P2IFG$0$0         radio_registers
           0000008B  Fradio_registers$URX0IF$0$0        radio_registers
           0000008B  Frandom$P2IFG$0$0                  random
           0000008B  Frandom$URX0IF$0$0                 random
ASxxxx Linker V02.00 + NoICE + sdld,  page 9.
Hexadecimal  [32-Bits]

Area                                    Addr        Size        Decimal Bytes (Attributes)
--------------------------------        ----        ----        ------- ----- ------------
.	.ABS.                             00000000    00000000 =           0. bytes (ABS,CON)

      Value  Global                              Global Defined In Module
      -----  --------------------------------   ------------------------
           0000008B  Frandom_from_sernum$P2IFG$0$0      random_from_sernum
           0000008B  Frandom_from_sernum$URX0IF$0$0     random_from_sernum
           0000008B  Ftime$P2IFG$0$0                    time
           0000008B  Ftime$URX0IF$0$0                   time
           0000008B  Fusb$P2IFG$0$0                     usb
           0000008B  Fusb$URX0IF$0$0                    usb
           0000008B  Fusb_cdc_acm$P2IFG$0$0             usb_cdc_acm
           0000008B  Fusb_cdc_acm$URX0IF$0$0            usb_cdc_acm
           0000008C  Fadc$PICTL$0$0                     adc
           0000008C  Fadc$_TCON_4$0$0                   adc
           0000008C  Fbambam_remote_tx$PICTL$0$0        bambam_remote_tx
           0000008C  Fbambam_remote_tx$_TCON_4$0$0      bambam_remote_tx
           0000008C  Fboard$PICTL$0$0                   board
           0000008C  Fboard$_TCON_4$0$0                 board
           0000008C  Fdma$PICTL$0$0                     dma
           0000008C  Fdma$_TCON_4$0$0                   dma
           0000008C  Fgreen_led$PICTL$0$0               green_led
           0000008C  Fgreen_led$_TCON_4$0$0             green_led
           0000008C  Fradio_mac$PICTL$0$0               radio_mac
           0000008C  Fradio_mac$_TCON_4$0$0             radio_mac
           0000008C  Fradio_queue$PICTL$0$0             radio_queue
           0000008C  Fradio_queue$_TCON_4$0$0           radio_queue
           0000008C  Fradio_registers$PICTL$0$0         radio_registers
           0000008C  Fradio_registers$_TCON_4$0$0       radio_registers
           0000008C  Frandom$PICTL$0$0                  random
           0000008C  Frandom$_TCON_4$0$0                random
           0000008C  Frandom_from_sernum$PICTL$0$0      random_from_sernum
           0000008C  Frandom_from_sernum$_TCON_4$0$0    random_from_sernum
           0000008C  Ftime$PICTL$0$0                    time
           0000008C  Ftime$_TCON_4$0$0                  time
           0000008C  Fusb$PICTL$0$0                     usb
           0000008C  Fusb$_TCON_4$0$0                   usb
           0000008C  Fusb_cdc_acm$PICTL$0$0             usb_cdc_acm
           0000008C  Fusb_cdc_acm$_TCON_4$0$0           usb_cdc_acm
           0000008D  Fadc$ADCIF$0$0                     adc
           0000008D  Fadc$P1IEN$0$0                     adc
           0000008D  Fbambam_remote_tx$ADCIF$0$0        bambam_remote_tx
           0000008D  Fbambam_remote_tx$P1IEN$0$0        bambam_remote_tx
           0000008D  Fboard$ADCIF$0$0                   board
           0000008D  Fboard$P1IEN$0$0                   board
           0000008D  Fdma$ADCIF$0$0                     dma
           0000008D  Fdma$P1IEN$0$0                     dma
           0000008D  Fgreen_led$ADCIF$0$0               green_led
           0000008D  Fgreen_led$P1IEN$0$0               green_led
           0000008D  Fradio_mac$ADCIF$0$0               radio_mac
           0000008D  Fradio_mac$P1IEN$0$0               radio_mac
           0000008D  Fradio_queue$ADCIF$0$0             radio_queue
           0000008D  Fradio_queue$P1IEN$0$0             radio_queue
           0000008D  Fradio_registers$ADCIF$0$0         radio_registers
           0000008D  Fradio_registers$P1IEN$0$0         radio_registers
           0000008D  Frandom$ADCIF$0$0                  random
ASxxxx Linker V02.00 + NoICE + sdld,  page 10.
Hexadecimal  [32-Bits]

Area                                    Addr        Size        Decimal Bytes (Attributes)
--------------------------------        ----        ----        ------- ----- ------------
.	.ABS.                             00000000    00000000 =           0. bytes (ABS,CON)

      Value  Global                              Global Defined In Module
      -----  --------------------------------   ------------------------
           0000008D  Frandom$P1IEN$0$0                  random
           0000008D  Frandom_from_sernum$ADCIF$0$0      random_from_sernum
           0000008D  Frandom_from_sernum$P1IEN$0$0      random_from_sernum
           0000008D  Ftime$ADCIF$0$0                    time
           0000008D  Ftime$P1IEN$0$0                    time
           0000008D  Fusb$ADCIF$0$0                     usb
           0000008D  Fusb$P1IEN$0$0                     usb
           0000008D  Fusb_cdc_acm$ADCIF$0$0             usb_cdc_acm
           0000008D  Fusb_cdc_acm$P1IEN$0$0             usb_cdc_acm
           0000008E  Fadc$_TCON_6$0$0                   adc
           0000008E  Fbambam_remote_tx$_TCON_6$0$0      bambam_remote_tx
           0000008E  Fboard$_TCON_6$0$0                 board
           0000008E  Fdma$_TCON_6$0$0                   dma
           0000008E  Fgreen_led$_TCON_6$0$0             green_led
           0000008E  Fradio_mac$_TCON_6$0$0             radio_mac
           0000008E  Fradio_queue$_TCON_6$0$0           radio_queue
           0000008E  Fradio_registers$_TCON_6$0$0       radio_registers
           0000008E  Frandom$_TCON_6$0$0                random
           0000008E  Frandom_from_sernum$_TCON_6$0$0    random_from_sernum
           0000008E  Ftime$_TCON_6$0$0                  time
           0000008E  Fusb$_TCON_6$0$0                   usb
           0000008E  Fusb_cdc_acm$_TCON_6$0$0           usb_cdc_acm
           0000008F  Fadc$P0INP$0$0                     adc
           0000008F  Fadc$URX1IF$0$0                    adc
           0000008F  Fbambam_remote_tx$P0INP$0$0        bambam_remote_tx
           0000008F  Fbambam_remote_tx$URX1IF$0$0       bambam_remote_tx
           0000008F  Fboard$P0INP$0$0                   board
           0000008F  Fboard$URX1IF$0$0                  board
           0000008F  Fdma$P0INP$0$0                     dma
           0000008F  Fdma$URX1IF$0$0                    dma
           0000008F  Fgreen_led$P0INP$0$0               green_led
           0000008F  Fgreen_led$URX1IF$0$0              green_led
           0000008F  Fradio_mac$P0INP$0$0               radio_mac
           0000008F  Fradio_mac$URX1IF$0$0              radio_mac
           0000008F  Fradio_queue$P0INP$0$0             radio_queue
           0000008F  Fradio_queue$URX1IF$0$0            radio_queue
           0000008F  Fradio_registers$P0INP$0$0         radio_registers
           0000008F  Fradio_registers$URX1IF$0$0        radio_registers
           0000008F  Frandom$P0INP$0$0                  random
           0000008F  Frandom$URX1IF$0$0                 random
           0000008F  Frandom_from_sernum$P0INP$0$0      random_from_sernum
           0000008F  Frandom_from_sernum$URX1IF$0$0     random_from_sernum
           0000008F  Ftime$P0INP$0$0                    time
           0000008F  Ftime$URX1IF$0$0                   time
           0000008F  Fusb$P0INP$0$0                     usb
           0000008F  Fusb$URX1IF$0$0                    usb
           0000008F  Fusb_cdc_acm$P0INP$0$0             usb_cdc_acm
           0000008F  Fusb_cdc_acm$URX1IF$0$0            usb_cdc_acm
           00000090  Fadc$P1$0$0                        adc
           00000090  Fadc$P1_0$0$0                      adc
           00000090  Fbambam_remote_tx$P1$0$0           bambam_remote_tx
ASxxxx Linker V02.00 + NoICE + sdld,  page 11.
Hexadecimal  [32-Bits]

Area                                    Addr        Size        Decimal Bytes (Attributes)
--------------------------------        ----        ----        ------- ----- ------------
.	.ABS.                             00000000    00000000 =           0. bytes (ABS,CON)

      Value  Global                              Global Defined In Module
      -----  --------------------------------   ------------------------
           00000090  Fbambam_remote_tx$P1_0$0$0         bambam_remote_tx
           00000090  Fboard$P1$0$0                      board
           00000090  Fboard$P1_0$0$0                    board
           00000090  Fdma$P1$0$0                        dma
           00000090  Fdma$P1_0$0$0                      dma
           00000090  Fgreen_led$P1$0$0                  green_led
           00000090  Fgreen_led$P1_0$0$0                green_led
           00000090  Fradio_mac$P1$0$0                  radio_mac
           00000090  Fradio_mac$P1_0$0$0                radio_mac
           00000090  Fradio_queue$P1$0$0                radio_queue
           00000090  Fradio_queue$P1_0$0$0              radio_queue
           00000090  Fradio_registers$P1$0$0            radio_registers
           00000090  Fradio_registers$P1_0$0$0          radio_registers
           00000090  Frandom$P1$0$0                     random
           00000090  Frandom$P1_0$0$0                   random
           00000090  Frandom_from_sernum$P1$0$0         random_from_sernum
           00000090  Frandom_from_sernum$P1_0$0$0       random_from_sernum
           00000090  Ftime$P1$0$0                       time
           00000090  Ftime$P1_0$0$0                     time
           00000090  Fusb$P1$0$0                        usb
           00000090  Fusb$P1_0$0$0                      usb
           00000090  Fusb_cdc_acm$P1$0$0                usb_cdc_acm
           00000090  Fusb_cdc_acm$P1_0$0$0              usb_cdc_acm
           00000091  Fadc$P1_1$0$0                      adc
           00000091  Fadc$RFIM$0$0                      adc
           00000091  Fbambam_remote_tx$P1_1$0$0         bambam_remote_tx
           00000091  Fbambam_remote_tx$RFIM$0$0         bambam_remote_tx
           00000091  Fboard$P1_1$0$0                    board
           00000091  Fboard$RFIM$0$0                    board
           00000091  Fdma$P1_1$0$0                      dma
           00000091  Fdma$RFIM$0$0                      dma
           00000091  Fgreen_led$P1_1$0$0                green_led
           00000091  Fgreen_led$RFIM$0$0                green_led
           00000091  Fradio_mac$P1_1$0$0                radio_mac
           00000091  Fradio_mac$RFIM$0$0                radio_mac
           00000091  Fradio_queue$P1_1$0$0              radio_queue
           00000091  Fradio_queue$RFIM$0$0              radio_queue
           00000091  Fradio_registers$P1_1$0$0          radio_registers
           00000091  Fradio_registers$RFIM$0$0          radio_registers
           00000091  Frandom$P1_1$0$0                   random
           00000091  Frandom$RFIM$0$0                   random
           00000091  Frandom_from_sernum$P1_1$0$0       random_from_sernum
           00000091  Frandom_from_sernum$RFIM$0$0       random_from_sernum
           00000091  Ftime$P1_1$0$0                     time
           00000091  Ftime$RFIM$0$0                     time
           00000091  Fusb$P1_1$0$0                      usb
           00000091  Fusb$RFIM$0$0                      usb
           00000091  Fusb_cdc_acm$P1_1$0$0              usb_cdc_acm
           00000091  Fusb_cdc_acm$RFIM$0$0              usb_cdc_acm
           00000092  Fadc$DPS$0$0                       adc
           00000092  Fadc$P1_2$0$0                      adc
ASxxxx Linker V02.00 + NoICE + sdld,  page 12.
Hexadecimal  [32-Bits]

Area                                    Addr        Size        Decimal Bytes (Attributes)
--------------------------------        ----        ----        ------- ----- ------------
.	.ABS.                             00000000    00000000 =           0. bytes (ABS,CON)

      Value  Global                              Global Defined In Module
      -----  --------------------------------   ------------------------
           00000092  Fbambam_remote_tx$DPS$0$0          bambam_remote_tx
           00000092  Fbambam_remote_tx$P1_2$0$0         bambam_remote_tx
           00000092  Fboard$DPS$0$0                     board
           00000092  Fboard$P1_2$0$0                    board
           00000092  Fdma$DPS$0$0                       dma
           00000092  Fdma$P1_2$0$0                      dma
           00000092  Fgreen_led$DPS$0$0                 green_led
           00000092  Fgreen_led$P1_2$0$0                green_led
           00000092  Fradio_mac$DPS$0$0                 radio_mac
           00000092  Fradio_mac$P1_2$0$0                radio_mac
           00000092  Fradio_queue$DPS$0$0               radio_queue
           00000092  Fradio_queue$P1_2$0$0              radio_queue
           00000092  Fradio_registers$DPS$0$0           radio_registers
           00000092  Fradio_registers$P1_2$0$0          radio_registers
           00000092  Frandom$DPS$0$0                    random
           00000092  Frandom$P1_2$0$0                   random
           00000092  Frandom_from_sernum$DPS$0$0        random_from_sernum
           00000092  Frandom_from_sernum$P1_2$0$0       random_from_sernum
           00000092  Ftime$DPS$0$0                      time
           00000092  Ftime$P1_2$0$0                     time
           00000092  Fusb$DPS$0$0                       usb
           00000092  Fusb$P1_2$0$0                      usb
           00000092  Fusb_cdc_acm$DPS$0$0               usb_cdc_acm
           00000092  Fusb_cdc_acm$P1_2$0$0              usb_cdc_acm
           00000093  Fadc$MPAGE$0$0                     adc
           00000093  Fadc$P1_3$0$0                      adc
           00000093  Fbambam_remote_tx$MPAGE$0$0        bambam_remote_tx
           00000093  Fbambam_remote_tx$P1_3$0$0         bambam_remote_tx
           00000093  Fboard$MPAGE$0$0                   board
           00000093  Fboard$P1_3$0$0                    board
           00000093  Fdma$MPAGE$0$0                     dma
           00000093  Fdma$P1_3$0$0                      dma
           00000093  Fgreen_led$MPAGE$0$0               green_led
           00000093  Fgreen_led$P1_3$0$0                green_led
           00000093  Fradio_mac$MPAGE$0$0               radio_mac
           00000093  Fradio_mac$P1_3$0$0                radio_mac
           00000093  Fradio_queue$MPAGE$0$0             radio_queue
           00000093  Fradio_queue$P1_3$0$0              radio_queue
           00000093  Fradio_registers$MPAGE$0$0         radio_registers
           00000093  Fradio_registers$P1_3$0$0          radio_registers
           00000093  Frandom$MPAGE$0$0                  random
           00000093  Frandom$P1_3$0$0                   random
           00000093  Frandom_from_sernum$MPAGE$0$0      random_from_sernum
           00000093  Frandom_from_sernum$P1_3$0$0       random_from_sernum
           00000093  Ftime$MPAGE$0$0                    time
           00000093  Ftime$P1_3$0$0                     time
           00000093  Fusb$MPAGE$0$0                     usb
           00000093  Fusb$P1_3$0$0                      usb
           00000093  Fusb_cdc_acm$MPAGE$0$0             usb_cdc_acm
           00000093  Fusb_cdc_acm$P1_3$0$0              usb_cdc_acm
           00000093  __XPAGE                            xpage
ASxxxx Linker V02.00 + NoICE + sdld,  page 13.
Hexadecimal  [32-Bits]

Area                                    Addr        Size        Decimal Bytes (Attributes)
--------------------------------        ----        ----        ------- ----- ------------
.	.ABS.                             00000000    00000000 =           0. bytes (ABS,CON)

      Value  Global                              Global Defined In Module
      -----  --------------------------------   ------------------------
           00000094  Fadc$P1_4$0$0                      adc
           00000094  Fbambam_remote_tx$P1_4$0$0         bambam_remote_tx
           00000094  Fboard$P1_4$0$0                    board
           00000094  Fdma$P1_4$0$0                      dma
           00000094  Fgreen_led$P1_4$0$0                green_led
           00000094  Fradio_mac$P1_4$0$0                radio_mac
           00000094  Fradio_queue$P1_4$0$0              radio_queue
           00000094  Fradio_registers$P1_4$0$0          radio_registers
           00000094  Frandom$P1_4$0$0                   random
           00000094  Frandom_from_sernum$P1_4$0$0       random_from_sernum
           00000094  Ftime$P1_4$0$0                     time
           00000094  Fusb$P1_4$0$0                      usb
           00000094  Fusb_cdc_acm$P1_4$0$0              usb_cdc_acm
           00000095  Fadc$ENDIAN$0$0                    adc
           00000095  Fadc$P1_5$0$0                      adc
           00000095  Fbambam_remote_tx$ENDIAN$0$0       bambam_remote_tx
           00000095  Fbambam_remote_tx$P1_5$0$0         bambam_remote_tx
           00000095  Fboard$ENDIAN$0$0                  board
           00000095  Fboard$P1_5$0$0                    board
           00000095  Fdma$ENDIAN$0$0                    dma
           00000095  Fdma$P1_5$0$0                      dma
           00000095  Fgreen_led$ENDIAN$0$0              green_led
           00000095  Fgreen_led$P1_5$0$0                green_led
           00000095  Fradio_mac$ENDIAN$0$0              radio_mac
           00000095  Fradio_mac$P1_5$0$0                radio_mac
           00000095  Fradio_queue$ENDIAN$0$0            radio_queue
           00000095  Fradio_queue$P1_5$0$0              radio_queue
           00000095  Fradio_registers$ENDIAN$0$0        radio_registers
           00000095  Fradio_registers$P1_5$0$0          radio_registers
           00000095  Frandom$ENDIAN$0$0                 random
           00000095  Frandom$P1_5$0$0                   random
           00000095  Frandom_from_sernum$ENDIAN$0$0     random_from_sernum
           00000095  Frandom_from_sernum$P1_5$0$0       random_from_sernum
           00000095  Ftime$ENDIAN$0$0                   time
           00000095  Ftime$P1_5$0$0                     time
           00000095  Fusb$ENDIAN$0$0                    usb
           00000095  Fusb$P1_5$0$0                      usb
           00000095  Fusb_cdc_acm$ENDIAN$0$0            usb_cdc_acm
           00000095  Fusb_cdc_acm$P1_5$0$0              usb_cdc_acm
           00000096  Fadc$P1_6$0$0                      adc
           00000096  Fbambam_remote_tx$P1_6$0$0         bambam_remote_tx
           00000096  Fboard$P1_6$0$0                    board
           00000096  Fdma$P1_6$0$0                      dma
           00000096  Fgreen_led$P1_6$0$0                green_led
           00000096  Fradio_mac$P1_6$0$0                radio_mac
           00000096  Fradio_queue$P1_6$0$0              radio_queue
           00000096  Fradio_registers$P1_6$0$0          radio_registers
           00000096  Frandom$P1_6$0$0                   random
           00000096  Frandom_from_sernum$P1_6$0$0       random_from_sernum
           00000096  Ftime$P1_6$0$0                     time
           00000096  Fusb$P1_6$0$0                      usb
ASxxxx Linker V02.00 + NoICE + sdld,  page 14.
Hexadecimal  [32-Bits]

Area                                    Addr        Size        Decimal Bytes (Attributes)
--------------------------------        ----        ----        ------- ----- ------------
.	.ABS.                             00000000    00000000 =           0. bytes (ABS,CON)

      Value  Global                              Global Defined In Module
      -----  --------------------------------   ------------------------
           00000096  Fusb_cdc_acm$P1_6$0$0              usb_cdc_acm
           00000097  Fadc$P1_7$0$0                      adc
           00000097  Fbambam_remote_tx$P1_7$0$0         bambam_remote_tx
           00000097  Fboard$P1_7$0$0                    board
           00000097  Fdma$P1_7$0$0                      dma
           00000097  Fgreen_led$P1_7$0$0                green_led
           00000097  Fradio_mac$P1_7$0$0                radio_mac
           00000097  Fradio_queue$P1_7$0$0              radio_queue
           00000097  Fradio_registers$P1_7$0$0          radio_registers
           00000097  Frandom$P1_7$0$0                   random
           00000097  Frandom_from_sernum$P1_7$0$0       random_from_sernum
           00000097  Ftime$P1_7$0$0                     time
           00000097  Fusb$P1_7$0$0                      usb
           00000097  Fusb_cdc_acm$P1_7$0$0              usb_cdc_acm
           00000098  Fadc$ENCIF_0$0$0                   adc
           00000098  Fadc$S0CON$0$0                     adc
           00000098  Fbambam_remote_tx$ENCIF_0$0$0      bambam_remote_tx
           00000098  Fbambam_remote_tx$S0CON$0$0        bambam_remote_tx
           00000098  Fboard$ENCIF_0$0$0                 board
           00000098  Fboard$S0CON$0$0                   board
           00000098  Fdma$ENCIF_0$0$0                   dma
           00000098  Fdma$S0CON$0$0                     dma
           00000098  Fgreen_led$ENCIF_0$0$0             green_led
           00000098  Fgreen_led$S0CON$0$0               green_led
           00000098  Fradio_mac$ENCIF_0$0$0             radio_mac
           00000098  Fradio_mac$S0CON$0$0               radio_mac
           00000098  Fradio_queue$ENCIF_0$0$0           radio_queue
           00000098  Fradio_queue$S0CON$0$0             radio_queue
           00000098  Fradio_registers$ENCIF_0$0$0       radio_registers
           00000098  Fradio_registers$S0CON$0$0         radio_registers
           00000098  Frandom$ENCIF_0$0$0                random
           00000098  Frandom$S0CON$0$0                  random
           00000098  Frandom_from_sernum$ENCIF_0$0$0    random_from_sernum
           00000098  Frandom_from_sernum$S0CON$0$0      random_from_sernum
           00000098  Ftime$ENCIF_0$0$0                  time
           00000098  Ftime$S0CON$0$0                    time
           00000098  Fusb$ENCIF_0$0$0                   usb
           00000098  Fusb$S0CON$0$0                     usb
           00000098  Fusb_cdc_acm$ENCIF_0$0$0           usb_cdc_acm
           00000098  Fusb_cdc_acm$S0CON$0$0             usb_cdc_acm
           00000099  Fadc$ENCIF_1$0$0                   adc
           00000099  Fbambam_remote_tx$ENCIF_1$0$0      bambam_remote_tx
           00000099  Fboard$ENCIF_1$0$0                 board
           00000099  Fdma$ENCIF_1$0$0                   dma
           00000099  Fgreen_led$ENCIF_1$0$0             green_led
           00000099  Fradio_mac$ENCIF_1$0$0             radio_mac
           00000099  Fradio_queue$ENCIF_1$0$0           radio_queue
           00000099  Fradio_registers$ENCIF_1$0$0       radio_registers
           00000099  Frandom$ENCIF_1$0$0                random
           00000099  Frandom_from_sernum$ENCIF_1$0$0    random_from_sernum
           00000099  Ftime$ENCIF_1$0$0                  time
ASxxxx Linker V02.00 + NoICE + sdld,  page 15.
Hexadecimal  [32-Bits]

Area                                    Addr        Size        Decimal Bytes (Attributes)
--------------------------------        ----        ----        ------- ----- ------------
.	.ABS.                             00000000    00000000 =           0. bytes (ABS,CON)

      Value  Global                              Global Defined In Module
      -----  --------------------------------   ------------------------
           00000099  Fusb$ENCIF_1$0$0                   usb
           00000099  Fusb_cdc_acm$ENCIF_1$0$0           usb_cdc_acm
           0000009A  Fadc$IEN2$0$0                      adc
           0000009A  Fadc$_SOCON2$0$0                   adc
           0000009A  Fbambam_remote_tx$IEN2$0$0         bambam_remote_tx
           0000009A  Fbambam_remote_tx$_SOCON2$0$0      bambam_remote_tx
           0000009A  Fboard$IEN2$0$0                    board
           0000009A  Fboard$_SOCON2$0$0                 board
           0000009A  Fdma$IEN2$0$0                      dma
           0000009A  Fdma$_SOCON2$0$0                   dma
           0000009A  Fgreen_led$IEN2$0$0                green_led
           0000009A  Fgreen_led$_SOCON2$0$0             green_led
           0000009A  Fradio_mac$IEN2$0$0                radio_mac
           0000009A  Fradio_mac$_SOCON2$0$0             radio_mac
           0000009A  Fradio_queue$IEN2$0$0              radio_queue
           0000009A  Fradio_queue$_SOCON2$0$0           radio_queue
           0000009A  Fradio_registers$IEN2$0$0          radio_registers
           0000009A  Fradio_registers$_SOCON2$0$0       radio_registers
           0000009A  Frandom$IEN2$0$0                   random
           0000009A  Frandom$_SOCON2$0$0                random
           0000009A  Frandom_from_sernum$IEN2$0$0       random_from_sernum
           0000009A  Frandom_from_sernum$_SOCON2$0$0    random_from_sernum
           0000009A  Ftime$IEN2$0$0                     time
           0000009A  Ftime$_SOCON2$0$0                  time
           0000009A  Fusb$IEN2$0$0                      usb
           0000009A  Fusb$_SOCON2$0$0                   usb
           0000009A  Fusb_cdc_acm$IEN2$0$0              usb_cdc_acm
           0000009A  Fusb_cdc_acm$_SOCON2$0$0           usb_cdc_acm
           0000009B  Fadc$S1CON$0$0                     adc
           0000009B  Fadc$_SOCON3$0$0                   adc
           0000009B  Fbambam_remote_tx$S1CON$0$0        bambam_remote_tx
           0000009B  Fbambam_remote_tx$_SOCON3$0$0      bambam_remote_tx
           0000009B  Fboard$S1CON$0$0                   board
           0000009B  Fboard$_SOCON3$0$0                 board
           0000009B  Fdma$S1CON$0$0                     dma
           0000009B  Fdma$_SOCON3$0$0                   dma
           0000009B  Fgreen_led$S1CON$0$0               green_led
           0000009B  Fgreen_led$_SOCON3$0$0             green_led
           0000009B  Fradio_mac$S1CON$0$0               radio_mac
           0000009B  Fradio_mac$_SOCON3$0$0             radio_mac
           0000009B  Fradio_queue$S1CON$0$0             radio_queue
           0000009B  Fradio_queue$_SOCON3$0$0           radio_queue
           0000009B  Fradio_registers$S1CON$0$0         radio_registers
           0000009B  Fradio_registers$_SOCON3$0$0       radio_registers
           0000009B  Frandom$S1CON$0$0                  random
           0000009B  Frandom$_SOCON3$0$0                random
           0000009B  Frandom_from_sernum$S1CON$0$0      random_from_sernum
           0000009B  Frandom_from_sernum$_SOCON3$0$0    random_from_sernum
           0000009B  Ftime$S1CON$0$0                    time
           0000009B  Ftime$_SOCON3$0$0                  time
           0000009B  Fusb$S1CON$0$0                     usb
ASxxxx Linker V02.00 + NoICE + sdld,  page 16.
Hexadecimal  [32-Bits]

Area                                    Addr        Size        Decimal Bytes (Attributes)
--------------------------------        ----        ----        ------- ----- ------------
.	.ABS.                             00000000    00000000 =           0. bytes (ABS,CON)

      Value  Global                              Global Defined In Module
      -----  --------------------------------   ------------------------
           0000009B  Fusb$_SOCON3$0$0                   usb
           0000009B  Fusb_cdc_acm$S1CON$0$0             usb_cdc_acm
           0000009B  Fusb_cdc_acm$_SOCON3$0$0           usb_cdc_acm
           0000009C  Fadc$T2CT$0$0                      adc
           0000009C  Fadc$_SOCON4$0$0                   adc
           0000009C  Fbambam_remote_tx$T2CT$0$0         bambam_remote_tx
           0000009C  Fbambam_remote_tx$_SOCON4$0$0      bambam_remote_tx
           0000009C  Fboard$T2CT$0$0                    board
           0000009C  Fboard$_SOCON4$0$0                 board
           0000009C  Fdma$T2CT$0$0                      dma
           0000009C  Fdma$_SOCON4$0$0                   dma
           0000009C  Fgreen_led$T2CT$0$0                green_led
           0000009C  Fgreen_led$_SOCON4$0$0             green_led
           0000009C  Fradio_mac$T2CT$0$0                radio_mac
           0000009C  Fradio_mac$_SOCON4$0$0             radio_mac
           0000009C  Fradio_queue$T2CT$0$0              radio_queue
           0000009C  Fradio_queue$_SOCON4$0$0           radio_queue
           0000009C  Fradio_registers$T2CT$0$0          radio_registers
           0000009C  Fradio_registers$_SOCON4$0$0       radio_registers
           0000009C  Frandom$T2CT$0$0                   random
           0000009C  Frandom$_SOCON4$0$0                random
           0000009C  Frandom_from_sernum$T2CT$0$0       random_from_sernum
           0000009C  Frandom_from_sernum$_SOCON4$0$0    random_from_sernum
           0000009C  Ftime$T2CT$0$0                     time
           0000009C  Ftime$_SOCON4$0$0                  time
           0000009C  Fusb$T2CT$0$0                      usb
           0000009C  Fusb$_SOCON4$0$0                   usb
           0000009C  Fusb_cdc_acm$T2CT$0$0              usb_cdc_acm
           0000009C  Fusb_cdc_acm$_SOCON4$0$0           usb_cdc_acm
           0000009D  Fadc$T2PR$0$0                      adc
           0000009D  Fadc$_SOCON5$0$0                   adc
           0000009D  Fbambam_remote_tx$T2PR$0$0         bambam_remote_tx
           0000009D  Fbambam_remote_tx$_SOCON5$0$0      bambam_remote_tx
           0000009D  Fboard$T2PR$0$0                    board
           0000009D  Fboard$_SOCON5$0$0                 board
           0000009D  Fdma$T2PR$0$0                      dma
           0000009D  Fdma$_SOCON5$0$0                   dma
           0000009D  Fgreen_led$T2PR$0$0                green_led
           0000009D  Fgreen_led$_SOCON5$0$0             green_led
           0000009D  Fradio_mac$T2PR$0$0                radio_mac
           0000009D  Fradio_mac$_SOCON5$0$0             radio_mac
           0000009D  Fradio_queue$T2PR$0$0              radio_queue
           0000009D  Fradio_queue$_SOCON5$0$0           radio_queue
           0000009D  Fradio_registers$T2PR$0$0          radio_registers
           0000009D  Fradio_registers$_SOCON5$0$0       radio_registers
           0000009D  Frandom$T2PR$0$0                   random
           0000009D  Frandom$_SOCON5$0$0                random
           0000009D  Frandom_from_sernum$T2PR$0$0       random_from_sernum
           0000009D  Frandom_from_sernum$_SOCON5$0$0    random_from_sernum
           0000009D  Ftime$T2PR$0$0                     time
           0000009D  Ftime$_SOCON5$0$0                  time
ASxxxx Linker V02.00 + NoICE + sdld,  page 17.
Hexadecimal  [32-Bits]

Area                                    Addr        Size        Decimal Bytes (Attributes)
--------------------------------        ----        ----        ------- ----- ------------
.	.ABS.                             00000000    00000000 =           0. bytes (ABS,CON)

      Value  Global                              Global Defined In Module
      -----  --------------------------------   ------------------------
           0000009D  Fusb$T2PR$0$0                      usb
           0000009D  Fusb$_SOCON5$0$0                   usb
           0000009D  Fusb_cdc_acm$T2PR$0$0              usb_cdc_acm
           0000009D  Fusb_cdc_acm$_SOCON5$0$0           usb_cdc_acm
           0000009E  Fadc$T2CTL$0$0                     adc
           0000009E  Fadc$_SOCON6$0$0                   adc
           0000009E  Fbambam_remote_tx$T2CTL$0$0        bambam_remote_tx
           0000009E  Fbambam_remote_tx$_SOCON6$0$0      bambam_remote_tx
           0000009E  Fboard$T2CTL$0$0                   board
           0000009E  Fboard$_SOCON6$0$0                 board
           0000009E  Fdma$T2CTL$0$0                     dma
           0000009E  Fdma$_SOCON6$0$0                   dma
           0000009E  Fgreen_led$T2CTL$0$0               green_led
           0000009E  Fgreen_led$_SOCON6$0$0             green_led
           0000009E  Fradio_mac$T2CTL$0$0               radio_mac
           0000009E  Fradio_mac$_SOCON6$0$0             radio_mac
           0000009E  Fradio_queue$T2CTL$0$0             radio_queue
           0000009E  Fradio_queue$_SOCON6$0$0           radio_queue
           0000009E  Fradio_registers$T2CTL$0$0         radio_registers
           0000009E  Fradio_registers$_SOCON6$0$0       radio_registers
           0000009E  Frandom$T2CTL$0$0                  random
           0000009E  Frandom$_SOCON6$0$0                random
           0000009E  Frandom_from_sernum$T2CTL$0$0      random_from_sernum
           0000009E  Frandom_from_sernum$_SOCON6$0$0    random_from_sernum
           0000009E  Ftime$T2CTL$0$0                    time
           0000009E  Ftime$_SOCON6$0$0                  time
           0000009E  Fusb$T2CTL$0$0                     usb
           0000009E  Fusb$_SOCON6$0$0                   usb
           0000009E  Fusb_cdc_acm$T2CTL$0$0             usb_cdc_acm
           0000009E  Fusb_cdc_acm$_SOCON6$0$0           usb_cdc_acm
           0000009F  Fadc$_SOCON7$0$0                   adc
           0000009F  Fbambam_remote_tx$_SOCON7$0$0      bambam_remote_tx
           0000009F  Fboard$_SOCON7$0$0                 board
           0000009F  Fdma$_SOCON7$0$0                   dma
           0000009F  Fgreen_led$_SOCON7$0$0             green_led
           0000009F  Fradio_mac$_SOCON7$0$0             radio_mac
           0000009F  Fradio_queue$_SOCON7$0$0           radio_queue
           0000009F  Fradio_registers$_SOCON7$0$0       radio_registers
           0000009F  Frandom$_SOCON7$0$0                random
           0000009F  Frandom_from_sernum$_SOCON7$0$0    random_from_sernum
           0000009F  Ftime$_SOCON7$0$0                  time
           0000009F  Fusb$_SOCON7$0$0                   usb
           0000009F  Fusb_cdc_acm$_SOCON7$0$0           usb_cdc_acm
           000000A0  Fadc$P2$0$0                        adc
           000000A0  Fadc$P2_0$0$0                      adc
           000000A0  Fbambam_remote_tx$P2$0$0           bambam_remote_tx
           000000A0  Fbambam_remote_tx$P2_0$0$0         bambam_remote_tx
           000000A0  Fboard$P2$0$0                      board
           000000A0  Fboard$P2_0$0$0                    board
           000000A0  Fdma$P2$0$0                        dma
           000000A0  Fdma$P2_0$0$0                      dma
ASxxxx Linker V02.00 + NoICE + sdld,  page 18.
Hexadecimal  [32-Bits]

Area                                    Addr        Size        Decimal Bytes (Attributes)
--------------------------------        ----        ----        ------- ----- ------------
.	.ABS.                             00000000    00000000 =           0. bytes (ABS,CON)

      Value  Global                              Global Defined In Module
      -----  --------------------------------   ------------------------
           000000A0  Fgreen_led$P2$0$0                  green_led
           000000A0  Fgreen_led$P2_0$0$0                green_led
           000000A0  Fradio_mac$P2$0$0                  radio_mac
           000000A0  Fradio_mac$P2_0$0$0                radio_mac
           000000A0  Fradio_queue$P2$0$0                radio_queue
           000000A0  Fradio_queue$P2_0$0$0              radio_queue
           000000A0  Fradio_registers$P2$0$0            radio_registers
           000000A0  Fradio_registers$P2_0$0$0          radio_registers
           000000A0  Frandom$P2$0$0                     random
           000000A0  Frandom$P2_0$0$0                   random
           000000A0  Frandom_from_sernum$P2$0$0         random_from_sernum
           000000A0  Frandom_from_sernum$P2_0$0$0       random_from_sernum
           000000A0  Ftime$P2$0$0                       time
           000000A0  Ftime$P2_0$0$0                     time
           000000A0  Fusb$P2$0$0                        usb
           000000A0  Fusb$P2_0$0$0                      usb
           000000A0  Fusb_cdc_acm$P2$0$0                usb_cdc_acm
           000000A0  Fusb_cdc_acm$P2_0$0$0              usb_cdc_acm
           000000A1  Fadc$P2_1$0$0                      adc
           000000A1  Fadc$WORIRQ$0$0                    adc
           000000A1  Fbambam_remote_tx$P2_1$0$0         bambam_remote_tx
           000000A1  Fbambam_remote_tx$WORIRQ$0$0       bambam_remote_tx
           000000A1  Fboard$P2_1$0$0                    board
           000000A1  Fboard$WORIRQ$0$0                  board
           000000A1  Fdma$P2_1$0$0                      dma
           000000A1  Fdma$WORIRQ$0$0                    dma
           000000A1  Fgreen_led$P2_1$0$0                green_led
           000000A1  Fgreen_led$WORIRQ$0$0              green_led
           000000A1  Fradio_mac$P2_1$0$0                radio_mac
           000000A1  Fradio_mac$WORIRQ$0$0              radio_mac
           000000A1  Fradio_queue$P2_1$0$0              radio_queue
           000000A1  Fradio_queue$WORIRQ$0$0            radio_queue
           000000A1  Fradio_registers$P2_1$0$0          radio_registers
           000000A1  Fradio_registers$WORIRQ$0$0        radio_registers
           000000A1  Frandom$P2_1$0$0                   random
           000000A1  Frandom$WORIRQ$0$0                 random
           000000A1  Frandom_from_sernum$P2_1$0$0       random_from_sernum
           000000A1  Frandom_from_sernum$WORIRQ$0$0     random_from_sernum
           000000A1  Ftime$P2_1$0$0                     time
           000000A1  Ftime$WORIRQ$0$0                   time
           000000A1  Fusb$P2_1$0$0                      usb
           000000A1  Fusb$WORIRQ$0$0                    usb
           000000A1  Fusb_cdc_acm$P2_1$0$0              usb_cdc_acm
           000000A1  Fusb_cdc_acm$WORIRQ$0$0            usb_cdc_acm
           000000A2  Fadc$P2_2$0$0                      adc
           000000A2  Fadc$WORCTRL$0$0                   adc
           000000A2  Fbambam_remote_tx$P2_2$0$0         bambam_remote_tx
           000000A2  Fbambam_remote_tx$WORCTRL$0$0      bambam_remote_tx
           000000A2  Fboard$P2_2$0$0                    board
           000000A2  Fboard$WORCTRL$0$0                 board
           000000A2  Fdma$P2_2$0$0                      dma
ASxxxx Linker V02.00 + NoICE + sdld,  page 19.
Hexadecimal  [32-Bits]

Area                                    Addr        Size        Decimal Bytes (Attributes)
--------------------------------        ----        ----        ------- ----- ------------
.	.ABS.                             00000000    00000000 =           0. bytes (ABS,CON)

      Value  Global                              Global Defined In Module
      -----  --------------------------------   ------------------------
           000000A2  Fdma$WORCTRL$0$0                   dma
           000000A2  Fgreen_led$P2_2$0$0                green_led
           000000A2  Fgreen_led$WORCTRL$0$0             green_led
           000000A2  Fradio_mac$P2_2$0$0                radio_mac
           000000A2  Fradio_mac$WORCTRL$0$0             radio_mac
           000000A2  Fradio_queue$P2_2$0$0              radio_queue
           000000A2  Fradio_queue$WORCTRL$0$0           radio_queue
           000000A2  Fradio_registers$P2_2$0$0          radio_registers
           000000A2  Fradio_registers$WORCTRL$0$0       radio_registers
           000000A2  Frandom$P2_2$0$0                   random
           000000A2  Frandom$WORCTRL$0$0                random
           000000A2  Frandom_from_sernum$P2_2$0$0       random_from_sernum
           000000A2  Frandom_from_sernum$WORCTRL$0$0    random_from_sernum
           000000A2  Ftime$P2_2$0$0                     time
           000000A2  Ftime$WORCTRL$0$0                  time
           000000A2  Fusb$P2_2$0$0                      usb
           000000A2  Fusb$WORCTRL$0$0                   usb
           000000A2  Fusb_cdc_acm$P2_2$0$0              usb_cdc_acm
           000000A2  Fusb_cdc_acm$WORCTRL$0$0           usb_cdc_acm
           000000A3  Fadc$P2_3$0$0                      adc
           000000A3  Fadc$WOREVT0$0$0                   adc
           000000A3  Fbambam_remote_tx$P2_3$0$0         bambam_remote_tx
           000000A3  Fbambam_remote_tx$WOREVT0$0$0      bambam_remote_tx
           000000A3  Fboard$P2_3$0$0                    board
           000000A3  Fboard$WOREVT0$0$0                 board
           000000A3  Fdma$P2_3$0$0                      dma
           000000A3  Fdma$WOREVT0$0$0                   dma
           000000A3  Fgreen_led$P2_3$0$0                green_led
           000000A3  Fgreen_led$WOREVT0$0$0             green_led
           000000A3  Fradio_mac$P2_3$0$0                radio_mac
           000000A3  Fradio_mac$WOREVT0$0$0             radio_mac
           000000A3  Fradio_queue$P2_3$0$0              radio_queue
           000000A3  Fradio_queue$WOREVT0$0$0           radio_queue
           000000A3  Fradio_registers$P2_3$0$0          radio_registers
           000000A3  Fradio_registers$WOREVT0$0$0       radio_registers
           000000A3  Frandom$P2_3$0$0                   random
           000000A3  Frandom$WOREVT0$0$0                random
           000000A3  Frandom_from_sernum$P2_3$0$0       random_from_sernum
           000000A3  Frandom_from_sernum$WOREVT0$0$0    random_from_sernum
           000000A3  Ftime$P2_3$0$0                     time
           000000A3  Ftime$WOREVT0$0$0                  time
           000000A3  Fusb$P2_3$0$0                      usb
           000000A3  Fusb$WOREVT0$0$0                   usb
           000000A3  Fusb_cdc_acm$P2_3$0$0              usb_cdc_acm
           000000A3  Fusb_cdc_acm$WOREVT0$0$0           usb_cdc_acm
           000000A4  Fadc$P2_4$0$0                      adc
           000000A4  Fadc$WOREVT1$0$0                   adc
           000000A4  Fbambam_remote_tx$P2_4$0$0         bambam_remote_tx
           000000A4  Fbambam_remote_tx$WOREVT1$0$0      bambam_remote_tx
           000000A4  Fboard$P2_4$0$0                    board
           000000A4  Fboard$WOREVT1$0$0                 board
ASxxxx Linker V02.00 + NoICE + sdld,  page 20.
Hexadecimal  [32-Bits]

Area                                    Addr        Size        Decimal Bytes (Attributes)
--------------------------------        ----        ----        ------- ----- ------------
.	.ABS.                             00000000    00000000 =           0. bytes (ABS,CON)

      Value  Global                              Global Defined In Module
      -----  --------------------------------   ------------------------
           000000A4  Fdma$P2_4$0$0                      dma
           000000A4  Fdma$WOREVT1$0$0                   dma
           000000A4  Fgreen_led$P2_4$0$0                green_led
           000000A4  Fgreen_led$WOREVT1$0$0             green_led
           000000A4  Fradio_mac$P2_4$0$0                radio_mac
           000000A4  Fradio_mac$WOREVT1$0$0             radio_mac
           000000A4  Fradio_queue$P2_4$0$0              radio_queue
           000000A4  Fradio_queue$WOREVT1$0$0           radio_queue
           000000A4  Fradio_registers$P2_4$0$0          radio_registers
           000000A4  Fradio_registers$WOREVT1$0$0       radio_registers
           000000A4  Frandom$P2_4$0$0                   random
           000000A4  Frandom$WOREVT1$0$0                random
           000000A4  Frandom_from_sernum$P2_4$0$0       random_from_sernum
           000000A4  Frandom_from_sernum$WOREVT1$0$0    random_from_sernum
           000000A4  Ftime$P2_4$0$0                     time
           000000A4  Ftime$WOREVT1$0$0                  time
           000000A4  Fusb$P2_4$0$0                      usb
           000000A4  Fusb$WOREVT1$0$0                   usb
           000000A4  Fusb_cdc_acm$P2_4$0$0              usb_cdc_acm
           000000A4  Fusb_cdc_acm$WOREVT1$0$0           usb_cdc_acm
           000000A5  Fadc$P2_5$0$0                      adc
           000000A5  Fadc$WORTIME0$0$0                  adc
           000000A5  Fbambam_remote_tx$P2_5$0$0         bambam_remote_tx
           000000A5  Fbambam_remote_tx$WORTIME0$0$0     bambam_remote_tx
           000000A5  Fboard$P2_5$0$0                    board
           000000A5  Fboard$WORTIME0$0$0                board
           000000A5  Fdma$P2_5$0$0                      dma
           000000A5  Fdma$WORTIME0$0$0                  dma
           000000A5  Fgreen_led$P2_5$0$0                green_led
           000000A5  Fgreen_led$WORTIME0$0$0            green_led
           000000A5  Fradio_mac$P2_5$0$0                radio_mac
           000000A5  Fradio_mac$WORTIME0$0$0            radio_mac
           000000A5  Fradio_queue$P2_5$0$0              radio_queue
           000000A5  Fradio_queue$WORTIME0$0$0          radio_queue
           000000A5  Fradio_registers$P2_5$0$0          radio_registers
           000000A5  Fradio_registers$WORTIME0$0$0      radio_registers
           000000A5  Frandom$P2_5$0$0                   random
           000000A5  Frandom$WORTIME0$0$0               random
           000000A5  Frandom_from_sernum$P2_5$0$0       random_from_sernum
           000000A5  Frandom_from_sernum$WORTIME0$0$0   random_from_sernum
           000000A5  Ftime$P2_5$0$0                     time
           000000A5  Ftime$WORTIME0$0$0                 time
           000000A5  Fusb$P2_5$0$0                      usb
           000000A5  Fusb$WORTIME0$0$0                  usb
           000000A5  Fusb_cdc_acm$P2_5$0$0              usb_cdc_acm
           000000A5  Fusb_cdc_acm$WORTIME0$0$0          usb_cdc_acm
           000000A6  Fadc$P2_6$0$0                      adc
           000000A6  Fadc$WORTIME1$0$0                  adc
           000000A6  Fbambam_remote_tx$P2_6$0$0         bambam_remote_tx
           000000A6  Fbambam_remote_tx$WORTIME1$0$0     bambam_remote_tx
           000000A6  Fboard$P2_6$0$0                    board
ASxxxx Linker V02.00 + NoICE + sdld,  page 21.
Hexadecimal  [32-Bits]

Area                                    Addr        Size        Decimal Bytes (Attributes)
--------------------------------        ----        ----        ------- ----- ------------
.	.ABS.                             00000000    00000000 =           0. bytes (ABS,CON)

      Value  Global                              Global Defined In Module
      -----  --------------------------------   ------------------------
           000000A6  Fboard$WORTIME1$0$0                board
           000000A6  Fdma$P2_6$0$0                      dma
           000000A6  Fdma$WORTIME1$0$0                  dma
           000000A6  Fgreen_led$P2_6$0$0                green_led
           000000A6  Fgreen_led$WORTIME1$0$0            green_led
           000000A6  Fradio_mac$P2_6$0$0                radio_mac
           000000A6  Fradio_mac$WORTIME1$0$0            radio_mac
           000000A6  Fradio_queue$P2_6$0$0              radio_queue
           000000A6  Fradio_queue$WORTIME1$0$0          radio_queue
           000000A6  Fradio_registers$P2_6$0$0          radio_registers
           000000A6  Fradio_registers$WORTIME1$0$0      radio_registers
           000000A6  Frandom$P2_6$0$0                   random
           000000A6  Frandom$WORTIME1$0$0               random
           000000A6  Frandom_from_sernum$P2_6$0$0       random_from_sernum
           000000A6  Frandom_from_sernum$WORTIME1$0$0   random_from_sernum
           000000A6  Ftime$P2_6$0$0                     time
           000000A6  Ftime$WORTIME1$0$0                 time
           000000A6  Fusb$P2_6$0$0                      usb
           000000A6  Fusb$WORTIME1$0$0                  usb
           000000A6  Fusb_cdc_acm$P2_6$0$0              usb_cdc_acm
           000000A6  Fusb_cdc_acm$WORTIME1$0$0          usb_cdc_acm
           000000A7  Fadc$P2_7$0$0                      adc
           000000A7  Fbambam_remote_tx$P2_7$0$0         bambam_remote_tx
           000000A7  Fboard$P2_7$0$0                    board
           000000A7  Fdma$P2_7$0$0                      dma
           000000A7  Fgreen_led$P2_7$0$0                green_led
           000000A7  Fradio_mac$P2_7$0$0                radio_mac
           000000A7  Fradio_queue$P2_7$0$0              radio_queue
           000000A7  Fradio_registers$P2_7$0$0          radio_registers
           000000A7  Frandom$P2_7$0$0                   random
           000000A7  Frandom_from_sernum$P2_7$0$0       random_from_sernum
           000000A7  Ftime$P2_7$0$0                     time
           000000A7  Fusb$P2_7$0$0                      usb
           000000A7  Fusb_cdc_acm$P2_7$0$0              usb_cdc_acm
           000000A8  Fadc$IEN0$0$0                      adc
           000000A8  Fadc$RFTXRXIE$0$0                  adc
           000000A8  Fbambam_remote_tx$IEN0$0$0         bambam_remote_tx
           000000A8  Fbambam_remote_tx$RFTXRXIE$0$0     bambam_remote_tx
           000000A8  Fboard$IEN0$0$0                    board
           000000A8  Fboard$RFTXRXIE$0$0                board
           000000A8  Fdma$IEN0$0$0                      dma
           000000A8  Fdma$RFTXRXIE$0$0                  dma
           000000A8  Fgreen_led$IEN0$0$0                green_led
           000000A8  Fgreen_led$RFTXRXIE$0$0            green_led
           000000A8  Fradio_mac$IEN0$0$0                radio_mac
           000000A8  Fradio_mac$RFTXRXIE$0$0            radio_mac
           000000A8  Fradio_queue$IEN0$0$0              radio_queue
           000000A8  Fradio_queue$RFTXRXIE$0$0          radio_queue
           000000A8  Fradio_registers$IEN0$0$0          radio_registers
           000000A8  Fradio_registers$RFTXRXIE$0$0      radio_registers
           000000A8  Frandom$IEN0$0$0                   random
ASxxxx Linker V02.00 + NoICE + sdld,  page 22.
Hexadecimal  [32-Bits]

Area                                    Addr        Size        Decimal Bytes (Attributes)
--------------------------------        ----        ----        ------- ----- ------------
.	.ABS.                             00000000    00000000 =           0. bytes (ABS,CON)

      Value  Global                              Global Defined In Module
      -----  --------------------------------   ------------------------
           000000A8  Frandom$RFTXRXIE$0$0               random
           000000A8  Frandom_from_sernum$IEN0$0$0       random_from_sernum
           000000A8  Frandom_from_sernum$RFTXRXIE$0$0   random_from_sernum
           000000A8  Ftime$IEN0$0$0                     time
           000000A8  Ftime$RFTXRXIE$0$0                 time
           000000A8  Fusb$IEN0$0$0                      usb
           000000A8  Fusb$RFTXRXIE$0$0                  usb
           000000A8  Fusb_cdc_acm$IEN0$0$0              usb_cdc_acm
           000000A8  Fusb_cdc_acm$RFTXRXIE$0$0          usb_cdc_acm
           000000A9  Fadc$ADCIE$0$0                     adc
           000000A9  Fadc$IP0$0$0                       adc
           000000A9  Fbambam_remote_tx$ADCIE$0$0        bambam_remote_tx
           000000A9  Fbambam_remote_tx$IP0$0$0          bambam_remote_tx
           000000A9  Fboard$ADCIE$0$0                   board
           000000A9  Fboard$IP0$0$0                     board
           000000A9  Fdma$ADCIE$0$0                     dma
           000000A9  Fdma$IP0$0$0                       dma
           000000A9  Fgreen_led$ADCIE$0$0               green_led
           000000A9  Fgreen_led$IP0$0$0                 green_led
           000000A9  Fradio_mac$ADCIE$0$0               radio_mac
           000000A9  Fradio_mac$IP0$0$0                 radio_mac
           000000A9  Fradio_queue$ADCIE$0$0             radio_queue
           000000A9  Fradio_queue$IP0$0$0               radio_queue
           000000A9  Fradio_registers$ADCIE$0$0         radio_registers
           000000A9  Fradio_registers$IP0$0$0           radio_registers
           000000A9  Frandom$ADCIE$0$0                  random
           000000A9  Frandom$IP0$0$0                    random
           000000A9  Frandom_from_sernum$ADCIE$0$0      random_from_sernum
           000000A9  Frandom_from_sernum$IP0$0$0        random_from_sernum
           000000A9  Ftime$ADCIE$0$0                    time
[...]
     0C:   000015AF  A$radio_registers$838              radio_registers
     0C:   000015B1  A$radio_registers$839              radio_registers
     0C:   000015B2  A$radio_registers$842              radio_registers
     0C:   000015B2  C$radio_registers.c$70$1$1         radio_registers
     0C:   000015B5  A$radio_registers$843              radio_registers
     0C:   000015B6  A$radio_registers$844              radio_registers
     0C:   000015B7  A$radio_registers$847              radio_registers
     0C:   000015B7  C$radio_registers.c$71$1$1         radio_registers
     0C:   000015BA  A$radio_registers$848              radio_registers
     0C:   000015BC  A$radio_registers$849              radio_registers
     0C:   000015BD  A$radio_registers$852              radio_registers
     0C:   000015BD  C$radio_registers.c$75$1$1         radio_registers
     0C:   000015C0  A$radio_registers$853              radio_registers
     0C:   000015C2  A$radio_registers$854              radio_registers
     0C:   000015C3  A$radio_registers$857              radio_registers
     0C:   000015C3  C$radio_registers.c$76$1$1         radio_registers
     0C:   000015C6  A$radio_registers$858              radio_registers
     0C:   000015C8  A$radio_registers$859              radio_registers
     0C:   000015C9  A$radio_registers$862              radio_registers
     0C:   000015C9  C$radio_registers.c$77$1$1         radio_registers
     0C:   000015CC  A$radio_registers$863              radio_registers
     0C:   000015CE  A$radio_registers$864              radio_registers
ASxxxx Linker V02.00 + NoICE + sdld,  page 165.
Hexadecimal  [32-Bits]

Area                                    Addr        Size        Decimal Bytes (Attributes)
--------------------------------        ----        ----        ------- ----- ------------
CSEG                                00000530    0000119B =        4507. bytes (REL,CON,CODE)

      Value  Global                              Global Defined In Module
      -----  --------------------------------   ------------------------
     0C:   000015CF  A$radio_registers$867              radio_registers
     0C:   000015CF  C$radio_registers.c$80$1$1         radio_registers
     0C:   000015D2  A$radio_registers$868              radio_registers
     0C:   000015D4  A$radio_registers$869              radio_registers
     0C:   000015D5  A$radio_registers$872              radio_registers
     0C:   000015D5  C$radio_registers.c$81$1$1         radio_registers
     0C:   000015D8  A$radio_registers$873              radio_registers
     0C:   000015DA  A$radio_registers$874              radio_registers
     0C:   000015DB  A$radio_registers$877              radio_registers
     0C:   000015DB  C$radio_registers.c$82$1$1         radio_registers
     0C:   000015DB  XG$radioRegistersInit$0$0          radio_registers
     0C:   000015DC  A$radio_registers$890              radio_registers
     0C:   000015DC  C$radio_registers.c$84$1$1         radio_registers
     0C:   000015DC  C$radio_registers.c$86$1$1         radio_registers
     0C:   000015DC  G$radioCrcPassed$0$0               radio_registers
     0C:   000015DC  _radioCrcPassed                    radio_registers
     0C:   000015DF  A$radio_registers$891              radio_registers
     0C:   000015E0  A$radio_registers$892              radio_registers
     0C:   000015E1  A$radio_registers$893              radio_registers
     0C:   000015E3  A$radio_registers$894              radio_registers
     0C:   000015E5  A$radio_registers$897              radio_registers
     0C:   000015E5  C$radio_registers.c$87$1$1         radio_registers
     0C:   000015E5  XG$radioCrcPassed$0$0              radio_registers
     0C:   000015E6  A$radio_registers$910              radio_registers
     0C:   000015E6  C$radio_registers.c$89$1$1         radio_registers
     0C:   000015E6  C$radio_registers.c$91$1$1         radio_registers
     0C:   000015E6  G$radioLqi$0$0                     radio_registers
     0C:   000015E6  _radioLqi                          radio_registers
     0C:   000015E9  A$radio_registers$911              radio_registers
     0C:   000015EA  A$radio_registers$912              radio_registers
     0C:   000015EB  A$radio_registers$913              radio_registers
     0C:   000015ED  A$radio_registers$914              radio_registers
     0C:   000015EE  A$radio_registers$915              radio_registers
     0C:   000015F0  A$radio_registers$918              radio_registers
     0C:   000015F0  C$radio_registers.c$92$1$1         radio_registers
     0C:   000015F0  XG$radioLqi$0$0                    radio_registers
     0C:   000015F1  A$radio_registers$931              radio_registers
     0C:   000015F1  C$radio_registers.c$94$1$1         radio_registers
     0C:   000015F1  C$radio_registers.c$96$1$1         radio_registers
     0C:   000015F1  G$radioRssi$0$0                    radio_registers
     0C:   000015F1  _radioRssi                         radio_registers
     0C:   000015F4  A$radio_registers$932              radio_registers
     0C:   000015F5  A$radio_registers$933              radio_registers
     0C:   000015F6  A$radio_registers$934              radio_registers
     0C:   000015F8  A$radio_registers$935              radio_registers
     0C:   000015FB  A$radio_registers$936              radio_registers
     0C:   000015FC  A$radio_registers$937              radio_registers
     0C:   000015FF  A$radio_registers$938              radio_registers
     0C:   00001601  A$radio_registers$939              radio_registers
     0C:   00001602  A$radio_registers$940              radio_registers
     0C:   00001603  A$radio_registers$942              radio_registers
ASxxxx Linker V02.00 + NoICE + sdld,  page 166.
Hexadecimal  [32-Bits]

Area                                    Addr        Size        Decimal Bytes (Attributes)
--------------------------------        ----        ----        ------- ----- ------------
CSEG                                00000530    0000119B =        4507. bytes (REL,CON,CODE)

      Value  Global                              Global Defined In Module
      -----  --------------------------------   ------------------------
     0C:   00001604  A$radio_registers$943              radio_registers
     0C:   00001607  A$radio_registers$944              radio_registers
     0C:   00001608  A$radio_registers$945              radio_registers
     0C:   00001609  A$radio_registers$947              radio_registers
     0C:   0000160B  A$radio_registers$948              radio_registers
     0C:   0000160D  A$radio_registers$951              radio_registers
     0C:   0000160D  C$radio_registers.c$97$1$1         radio_registers
     0C:   0000160D  XG$radioRssi$0$0                   radio_registers
     0C:   0000160E  A$green_led$761                    green_led
     0C:   0000160E  C$green_led.c$13$0$0               green_led
     0C:   0000160E  C$green_led.c$15$1$1               green_led
     0C:   0000160E  C$green_led.c$18$2$2               green_led
     0C:   0000160E  G$usbShowStatusWithGreenLed$0$0    green_led
     0C:   0000160E  _usbShowStatusWithGreenLed         green_led
     0C:   00001611  A$green_led$762                    green_led
     0C:   00001613  A$green_led$766                    green_led
     0C:   00001613  C$green_led.c$21$2$2               green_led
     0C:   00001616  A$green_led$767                    green_led
     0C:   00001617  A$green_led$768                    green_led
     0C:   00001618  A$green_led$769                    green_led
     0C:   0000161A  A$green_led$770                    green_led
     0C:   0000161B  A$green_led$773                    green_led
     0C:   0000161B  C$green_led.c$25$2$2               green_led
     0C:   0000161E  A$green_led$776                    green_led
     0C:   0000161E  C$green_led.c$27$3$3               green_led
     0C:   00001620  A$green_led$779                    green_led
     0C:   00001620  C$green_led.c$28$3$3               green_led
     0C:   00001623  A$green_led$780                    green_led
     0C:   00001624  A$green_led$781                    green_led
     0C:   00001625  A$green_led$782                    green_led
     0C:   00001627  A$green_led$783                    green_led
     0C:   00001628  A$green_led$787                    green_led
     0C:   00001628  C$green_led.c$32$1$1               green_led
     0C:   0000162B  A$green_led$788                    green_led
     0C:   0000162D  A$green_led$789                    green_led
     0C:   00001630  A$green_led$790                    green_led
     0C:   00001631  A$green_led$791                    green_led
     0C:   00001632  A$green_led$792                    green_led
     0C:   00001634  A$green_led$796                    green_led
     0C:   00001634  C$green_led.c$34$3$5               green_led
     0C:   00001636  A$green_led$797                    green_led
     0C:   00001639  A$green_led$798                    green_led
     0C:   0000163B  A$green_led$799                    green_led
     0C:   0000163D  A$green_led$803                    green_led
     0C:   0000163D  C$green_led.c$37$1$1               green_led
     0C:   00001640  A$green_led$806                    green_led
     0C:   00001640  C$green_led.c$39$2$6               green_led
     0C:   00001643  A$green_led$809                    green_led
     0C:   00001643  C$green_led.c$41$4$8               green_led
     0C:   00001646  A$green_led$810                    green_led
     0C:   00001647  A$green_led$811                    green_led
ASxxxx Linker V02.00 + NoICE + sdld,  page 167.
Hexadecimal  [32-Bits]

Area                                    Addr        Size        Decimal Bytes (Attributes)
--------------------------------        ----        ----        ------- ----- ------------
CSEG                                00000530    0000119B =        4507. bytes (REL,CON,CODE)

      Value  Global                              Global Defined In Module
      -----  --------------------------------   ------------------------
     0C:   00001648  A$green_led$812                    green_led
     0C:   0000164A  A$green_led$813                    green_led
     0C:   0000164C  A$green_led$814                    green_led
     0C:   0000164D  A$green_led$815                    green_led
     0C:   0000164E  A$green_led$816                    green_led
     0C:   00001650  A$green_led$817                    green_led
     0C:   00001651  A$green_led$818                    green_led
     0C:   00001652  A$green_led$819                    green_led
     0C:   00001653  A$green_led$820                    green_led
     0C:   00001654  A$green_led$821                    green_led
     0C:   00001655  A$green_led$822                    green_led
     0C:   00001656  A$green_led$823                    green_led
     0C:   00001657  A$green_led$824                    green_led
     0C:   00001658  A$green_led$825                    green_led
     0C:   0000165B  A$green_led$826                    green_led
     0C:   0000165E  A$green_led$827                    green_led
     0C:   00001660  A$green_led$829                    green_led
     0C:   00001662  A$green_led$830                    green_led
     0C:   00001665  A$green_led$831                    green_led
     0C:   00001667  A$green_led$835                    green_led
     0C:   00001667  C$green_led.c$43$3$7               green_led
     0C:   0000166A  A$green_led$836                    green_led
     0C:   0000166B  A$green_led$837                    green_led
     0C:   0000166C  A$green_led$838                    green_led
     0C:   0000166E  A$green_led$839                    green_led
     0C:   0000166F  A$green_led$840                    green_led
     0C:   00001670  A$green_led$841                    green_led
     0C:   00001671  A$green_led$842                    green_led
     0C:   00001672  A$green_led$843                    green_led
     0C:   00001673  A$green_led$844                    green_led
     0C:   00001675  A$green_led$845                    green_led
     0C:   00001677  A$green_led$848                    green_led
     0C:   00001677  C$green_led.c$45$4$9               green_led
     0C:   00001679  A$green_led$849                    green_led
     0C:   0000167B  A$green_led$853                    green_led
     0C:   0000167B  C$green_led.c$50$4$11              green_led
     0C:   0000167E  A$green_led$854                    green_led
     0C:   00001680  A$green_led$858                    green_led
     0C:   00001680  C$green_led.c$57$3$13              green_led
     0C:   00001683  A$green_led$859                    green_led
     0C:   00001685  A$green_led$860                    green_led
     0C:   00001687  A$green_led$861                    green_led
     0C:   00001688  A$green_led$862                    green_led
     0C:   00001689  A$green_led$863                    green_led
     0C:   0000168A  A$green_led$864                    green_led
     0C:   0000168C  A$green_led$865                    green_led
     0C:   0000168D  A$green_led$866                    green_led
     0C:   0000168F  A$green_led$867                    green_led
     0C:   00001692  A$green_led$868                    green_led
     0C:   00001694  A$green_led$870                    green_led
     0C:   00001696  A$green_led$871                    green_led
ASxxxx Linker V02.00 + NoICE + sdld,  page 168.
Hexadecimal  [32-Bits]

Area                                    Addr        Size        Decimal Bytes (Attributes)
--------------------------------        ----        ----        ------- ----- ------------
CSEG                                00000530    0000119B =        4507. bytes (REL,CON,CODE)

      Value  Global                              Global Defined In Module
      -----  --------------------------------   ------------------------
     0C:   00001699  A$green_led$872                    green_led
     0C:   0000169B  A$green_led$876                    green_led
     0C:   0000169B  C$green_led.c$59$1$1               green_led
     0C:   0000169B  XG$usbShowStatusWithGreenLed$0$0   green_led
     0C:   0000169C  A$random_from_sernum$742           random_from_sernum
     0C:   0000169C  C$random_from_sernum.c$17$1$1      random_from_sernum
     0C:   0000169C  C$random_from_sernum.c$9$0$0       random_from_sernum
     0C:   0000169C  G$randomSeedFromSerialNumber$0$0   random_from_sernum
     0C:   0000169C  _randomSeedFromSerialNumber        random_from_sernum
     0C:   0000169F  A$random_from_sernum$743           random_from_sernum
     0C:   000016A0  A$random_from_sernum$744           random_from_sernum
     0C:   000016A1  A$random_from_sernum$745           random_from_sernum
     0C:   000016A2  A$random_from_sernum$746           random_from_sernum
     0C:   000016A5  A$random_from_sernum$747           random_from_sernum
     0C:   000016A6  A$random_from_sernum$748           random_from_sernum
     0C:   000016A7  A$random_from_sernum$749           random_from_sernum
     0C:   000016A9  A$random_from_sernum$750           random_from_sernum
     0C:   000016AA  A$random_from_sernum$751           random_from_sernum
     0C:   000016AC  A$random_from_sernum$752           random_from_sernum
     0C:   000016AF  A$random_from_sernum$755           random_from_sernum
     0C:   000016AF  C$random_from_sernum.c$18$1$1      random_from_sernum
     0C:   000016AF  XG$randomSeedFromSerialNumber$0$   random_from_sernum
     0C:   000016B0  __sdcc_external_startup            _startup
     0C:   000016C3  _delayMicroseconds                 delay

ASxxxx Linker V02.00 + NoICE + sdld,  page 169.
Hexadecimal  [32-Bits]

Area                                    Addr        Size        Decimal Bytes (Attributes)
--------------------------------        ----        ----        ------- ----- ------------
CONST                               000016CB    000000A0 =         160. bytes (REL,CON,CODE)

      Value  Global                              Global Defined In Module
      -----  --------------------------------   ------------------------
     0C:   000016CB  G$param_input_mode$0$0             bambam_remote_tx
     0C:   000016CB  _param_input_mode                  bambam_remote_tx
     0C:   000016CF  G$param_report_period_ms$0$0       bambam_remote_tx
     0C:   000016CF  _param_report_period_ms            bambam_remote_tx
     0C:   000016D3  G$param_radio_channel$0$0          radio_queue
     0C:   000016D3  _param_radio_channel               radio_queue
     0C:   000016D7  G$usbDeviceDescriptor$0$0          usb_cdc_acm
     0C:   000016D7  _usbDeviceDescriptor               usb_cdc_acm
     0C:   000016E9  G$usbConfigurationDescriptor$0$0   usb_cdc_acm
     0C:   000016E9  _usbConfigurationDescriptor        usb_cdc_acm
     0C:   0000172C  G$usbStringDescriptorCount$0$0     usb_cdc_acm
     0C:   0000172C  _usbStringDescriptorCount          usb_cdc_acm
     0C:   0000172D  Fusb_cdc_acm$languages$0$0         usb_cdc_acm
     0C:   00001731  Fusb_cdc_acm$manufacturer$0$0      usb_cdc_acm
     0C:   00001757  Fusb_cdc_acm$product$0$0           usb_cdc_acm
     0C:   00001763  G$usbStringDescriptors$0$0         usb_cdc_acm
     0C:   00001763  _usbStringDescriptors              usb_cdc_acm

ASxxxx Linker V02.00 + NoICE + sdld,  page 170.
Hexadecimal  [32-Bits]

Area                                    Addr        Size        Decimal Bytes (Attributes)
--------------------------------        ----        ----        ------- ----- ------------
XINIT                               0000176B    00000009 =           9. bytes (REL,CON,CODE)

      Value  Global                              Global Defined In Module
      -----  --------------------------------   ------------------------
     0C:   0000176B  Fusb_cdc_acm$__xinit_usbComLineC   usb_cdc_acm
     0C:   00001772  Fusb$__xinit_usbDeviceState$0$0    usb
     0C:   00001773  Fusb$__xinit_controlTransferStat   usb
ASxxxx Linker V02.00 + NoICE + sdld,  page 171.

Files Linked                              [ module(s) ]

libraries/xpage/xpage.rel                 [  ]
apps/bambam_remote_tx/bambam_remote_tx.rel
                                          [  ]


Libraries Linked                          [ object file ]

libraries/lib/adc.lib                     [ adc ]
libraries/lib/radio_mac.lib               [ radio_mac ]
libraries/lib/radio_queue.lib             [ radio_queue ]
C:\Program Files\SDCC\bin\..\lib\medium/mcs51.lib
                                          [ crtclear.rel ]
libraries/lib/wixel.lib                   [ fixed ]
libraries/lib/random.lib                  [ random ]
C:\Program Files\SDCC\bin\..\lib\medium/mcs51.lib
                                          [ crtxinit.rel ]
libraries/lib/wixel.lib                   [ board ]
libraries/lib/usb_cdc_acm.lib             [ usb_cdc_acm ]
libraries/lib/wixel.lib                   [ time ]
C:\Program Files\SDCC\bin\..\lib\medium/mcs51.lib
                                          [ crtxclear.rel ]
libraries/lib/dma.lib                     [ dma ]
libraries/lib/usb.lib                     [ usb ]
libraries/lib/radio_registers.lib         [ radio_registers ]
C:\Program Files\SDCC\bin\..\lib\medium/mcs51.lib
                                          [ crtcall.rel ]
libraries/lib/usb.lib                     [ green_led ]
C:\Program Files\SDCC\bin\..\lib\medium/mcs51.lib
                                          [ crtstart.rel ]
libraries/lib/random.lib                  [ random_from_sernum ]
C:\Program Files\SDCC\bin\..\lib\medium/libsdcc.lib
                                          [ _startup.rel ]
libraries/lib/wixel.lib                   [ delay ]

ASxxxx Linker V02.00 + NoICE + sdld,  page 172.

User Base Address Definitions

HOME = 0x0400
XSEG = 0xf000
PSEG = 0xf000
ISEG = 0x0000
BSEG = 0x0000

